[Wed Jun 04 01:08:17.600061 2025] [php:error] [pid 8152] [client 127.0.0.1:53944] script '/var/www/html/db.php' not found or unable to stat
[Wed Jun 04 01:08:17.622830 2025] [php:error] [pid 8149] [client 127.0.0.1:53962] script '/var/www/html/wp-admin.php' not found or unable to stat
[Wed Jun 04 01:08:17.644875 2025] [php:error] [pid 8151] [client 127.0.0.1:53986] script '/var/www/html/phpinfo.php' not found or unable to stat
[Wed Jun 04 01:08:17.667259 2025] [php:error] [pid 8153] [client 127.0.0.1:53994] script '/var/www/html/manager.php' not found or unable to stat
[Wed Jun 04 01:08:17.690223 2025] [php:error] [pid 8150] [client 127.0.0.1:54014] script '/var/www/html/core.php' not found or unable to stat
[Wed Jun 04 01:08:17.712174 2025] [php:error] [pid 8152] [client 127.0.0.1:54034] script '/var/www/html/env.php' not found or unable to stat
[Wed Jun 04 01:08:17.734351 2025] [php:error] [pid 8149] [client 127.0.0.1:54052] script '/var/www/html/backup.php' not found or unable to stat
[Wed Jun 04 01:08:17.755852 2025] [php:error] [pid 8151] [client 127.0.0.1:54080] script '/var/www/html/hidden.php' not found or unable to stat
[Wed Jun 04 01:08:17.778139 2025] [php:error] [pid 8153] [client 127.0.0.1:54102] script '/var/www/html/devlogin.php' not found or unable to stat
[Wed Jun 04 01:08:17.800891 2025] [php:error] [pid 8150] [client 127.0.0.1:54112] script '/var/www/html/dev.php' not found or unable to stat
[Wed Jun 04 01:08:17.822811 2025] [php:error] [pid 8152] [client 127.0.0.1:54118] script '/var/www/html/wp-admin.php' not found or unable to stat
[Wed Jun 04 01:08:17.845103 2025] [php:error] [pid 8149] [client 127.0.0.1:54140] script '/var/www/html/db.php' not found or unable to stat
[Wed Jun 04 01:08:17.867702 2025] [php:error] [pid 8151] [client 127.0.0.1:54156] script '/var/www/html/images.php' not found or unable to stat
[Wed Jun 04 01:08:17.890002 2025] [php:error] [pid 8153] [client 127.0.0.1:54172] script '/var/www/html/wp-admin.php' not found or unable to stat
[Wed Jun 04 01:08:17.912680 2025] [php:error] [pid 8150] [client 127.0.0.1:54202] script '/var/www/html/data.php' not found or unable to stat
[Wed Jun 04 01:08:17.934866 2025] [php:error] [pid 8152] [client 127.0.0.1:54222] script '/var/www/html/backup.php' not found or unable to stat
[Wed Jun 04 01:08:17.956685 2025] [php:error] [pid 8149] [client 127.0.0.1:54250] script '/var/www/html/backup_old.php' not found or unable to stat
[Wed Jun 04 01:08:17.978454 2025] [php:error] [pid 8151] [client 127.0.0.1:54274] script '/var/www/html/admin.php' not found or unable to stat
[Wed Jun 04 01:08:18.001410 2025] [php:error] [pid 8153] [client 127.0.0.1:54296] script '/var/www/html/data.php' not found or unable to stat
[Wed Jun 04 01:08:18.023120 2025] [php:error] [pid 8150] [client 127.0.0.1:54310] script '/var/www/html/data.php' not found or unable to stat
[Wed Jun 04 01:08:18.046250 2025] [php:error] [pid 8152] [client 127.0.0.1:54332] script '/var/www/html/core.php' not found or unable to stat
[Wed Jun 04 01:08:18.069122 2025] [php:error] [pid 8149] [client 127.0.0.1:54350] script '/var/www/html/admin.php' not found or unable to stat
[Wed Jun 04 01:08:18.090914 2025] [php:error] [pid 8151] [client 127.0.0.1:54360] script '/var/www/html/backup.php' not found or unable to stat
[Wed Jun 04 01:08:18.113195 2025] [php:error] [pid 8153] [client 127.0.0.1:54390] script '/var/www/html/staging.php' not found or unable to stat
[Wed Jun 04 01:08:18.136390 2025] [php:error] [pid 8150] [client 127.0.0.1:54418] script '/var/www/html/phpinfo.php' not found or unable to stat
[Wed Jun 04 01:08:18.161308 2025] [php:error] [pid 8152] [client 127.0.0.1:54442] script '/var/www/html/images.php' not found or unable to stat
[Wed Jun 04 01:08:18.186271 2025] [php:error] [pid 8149] [client 127.0.0.1:54450] script '/var/www/html/admin.php' not found or unable to stat
[Wed Jun 04 01:08:18.208467 2025] [php:error] [pid 8151] [client 127.0.0.1:54470] script '/var/www/html/data.php' not found or unable to stat
[Wed Jun 04 01:08:18.230322 2025] [php:error] [pid 8153] [client 127.0.0.1:54490] script '/var/www/html/wp-admin.php' not found or unable to stat
[Wed Jun 04 01:08:18.254339 2025] [php:error] [pid 8150] [client 127.0.0.1:54518] script '/var/www/html/api.php' not found or unable to stat
[Wed Jun 04 01:08:18.277236 2025] [php:error] [pid 8152] [client 127.0.0.1:54532] script '/var/www/html/shell.php' not found or unable to stat
[Wed Jun 04 01:08:18.300875 2025] [php:error] [pid 8149] [client 127.0.0.1:54546] script '/var/www/html/admin.php' not found or unable to stat
[Wed Jun 04 01:08:18.323831 2025] [php:error] [pid 8151] [client 127.0.0.1:54560] script '/var/www/html/phpinfo.php' not found or unable to stat
[Wed Jun 04 01:08:18.345681 2025] [php:error] [pid 8153] [client 127.0.0.1:54572] script '/var/www/html/phpinfo.php' not found or unable to stat
[Wed Jun 04 01:08:18.368346 2025] [php:error] [pid 8150] [client 127.0.0.1:54588] script '/var/www/html/backup.zip.php' not found or unable to stat
[Wed Jun 04 01:08:18.391770 2025] [php:error] [pid 8152] [client 127.0.0.1:54600] script '/var/www/html/core.php' not found or unable to stat
[Wed Jun 04 01:08:18.413989 2025] [php:error] [pid 8149] [client 127.0.0.1:54614] script '/var/www/html/staging.php' not found or unable to stat
[Wed Jun 04 01:08:18.485282 2025] [php:error] [pid 8150] [client 127.0.0.1:54652] script '/var/www/html/wp-admin.php' not found or unable to stat
[Wed Jun 04 01:08:18.507242 2025] [php:error] [pid 8152] [client 127.0.0.1:54664] script '/var/www/html/admin.php' not found or unable to stat
[Wed Jun 04 01:08:18.529605 2025] [php:error] [pid 8149] [client 127.0.0.1:54696] script '/var/www/html/admin.php' not found or unable to stat
[Wed Jun 04 01:08:18.577085 2025] [php:error] [pid 8153] [client 127.0.0.1:54724] script '/var/www/html/backup_old.php' not found or unable to stat
[Wed Jun 04 01:08:18.600245 2025] [php:error] [pid 8150] [client 127.0.0.1:54744] script '/var/www/html/wp-admin.php' not found or unable to stat
[Wed Jun 04 01:08:18.623265 2025] [php:error] [pid 8152] [client 127.0.0.1:54768] script '/var/www/html/shell.php' not found or unable to stat
[Wed Jun 04 01:08:18.645050 2025] [php:error] [pid 8149] [client 127.0.0.1:54792] script '/var/www/html/shell.php' not found or unable to stat
[Wed Jun 04 01:08:18.668385 2025] [php:error] [pid 8151] [client 127.0.0.1:54804] script '/var/www/html/config.php' not found or unable to stat
[Wed Jun 04 01:08:18.692259 2025] [php:error] [pid 8153] [client 127.0.0.1:54812] script '/var/www/html/env.php' not found or unable to stat
[Wed Jun 04 01:08:18.714304 2025] [php:error] [pid 8150] [client 127.0.0.1:54830] script '/var/www/html/shell.php' not found or unable to stat
[Wed Jun 04 01:08:18.740804 2025] [php:error] [pid 8152] [client 127.0.0.1:54852] script '/var/www/html/dev.php' not found or unable to stat
[Wed Jun 04 01:08:18.764451 2025] [php:error] [pid 8149] [client 127.0.0.1:54860] script '/var/www/html/backup.zip.php' not found or unable to stat
[Wed Jun 04 01:08:18.786540 2025] [php:error] [pid 8151] [client 127.0.0.1:54870] script '/var/www/html/includes.php' not found or unable to stat
[Wed Jun 04 01:08:18.830988 2025] [php:error] [pid 8150] [client 127.0.0.1:54890] script '/var/www/html/wp-admin.php' not found or unable to stat
[Wed Jun 04 01:08:18.853391 2025] [php:error] [pid 8152] [client 127.0.0.1:54904] script '/var/www/html/dev.php' not found or unable to stat
[Wed Jun 04 01:08:18.875934 2025] [php:error] [pid 8149] [client 127.0.0.1:54920] script '/var/www/html/backup_old.php' not found or unable to stat
[Wed Jun 04 01:08:18.897999 2025] [php:error] [pid 8151] [client 127.0.0.1:54938] script '/var/www/html/env.php' not found or unable to stat
[Wed Jun 04 01:08:18.920765 2025] [php:error] [pid 8153] [client 127.0.0.1:54966] script '/var/www/html/images.php' not found or unable to stat
[Wed Jun 04 01:08:18.943883 2025] [php:error] [pid 8150] [client 127.0.0.1:54986] script '/var/www/html/uploads.php' not found or unable to stat
[Wed Jun 04 01:08:18.967242 2025] [php:error] [pid 8152] [client 127.0.0.1:55010] script '/var/www/html/env.php' not found or unable to stat
[Wed Jun 04 01:08:18.993741 2025] [php:error] [pid 8149] [client 127.0.0.1:55018] script '/var/www/html/hidden.php' not found or unable to stat
[Wed Jun 04 01:08:19.016159 2025] [php:error] [pid 8151] [client 127.0.0.1:55036] script '/var/www/html/backup.php' not found or unable to stat
[Wed Jun 04 01:08:19.039587 2025] [php:error] [pid 8153] [client 127.0.0.1:55056] script '/var/www/html/data.php' not found or unable to stat
[Wed Jun 04 01:08:19.062765 2025] [php:error] [pid 8150] [client 127.0.0.1:55070] script '/var/www/html/test.php' not found or unable to stat
[Wed Jun 04 01:08:19.085969 2025] [php:error] [pid 8152] [client 127.0.0.1:55098] script '/var/www/html/manager.php' not found or unable to stat
[Wed Jun 04 01:08:19.131511 2025] [php:error] [pid 8151] [client 127.0.0.1:55138] script '/var/www/html/backup.php' not found or unable to stat
[Wed Jun 04 01:08:19.154020 2025] [php:error] [pid 8153] [client 127.0.0.1:55160] script '/var/www/html/devlogin.php' not found or unable to stat
[Wed Jun 04 01:08:19.176618 2025] [php:error] [pid 8150] [client 127.0.0.1:55178] script '/var/www/html/phpinfo.php' not found or unable to stat
[Wed Jun 04 01:08:19.222507 2025] [php:error] [pid 8149] [client 127.0.0.1:55224] script '/var/www/html/manager.php' not found or unable to stat
[Wed Jun 04 01:08:19.244967 2025] [php:error] [pid 8151] [client 127.0.0.1:53584] script '/var/www/html/admin.php' not found or unable to stat
[Wed Jun 04 01:08:19.267942 2025] [php:error] [pid 8153] [client 127.0.0.1:53594] script '/var/www/html/data.php' not found or unable to stat
[Wed Jun 04 01:08:19.290478 2025] [php:error] [pid 8150] [client 127.0.0.1:53616] script '/var/www/html/admin.php' not found or unable to stat
[Wed Jun 04 01:08:19.313266 2025] [php:error] [pid 8152] [client 127.0.0.1:53636] script '/var/www/html/wp-admin.php' not found or unable to stat
[Wed Jun 04 01:08:19.335068 2025] [php:error] [pid 8149] [client 127.0.0.1:53654] script '/var/www/html/uploads.php' not found or unable to stat
[Wed Jun 04 01:08:19.357797 2025] [php:error] [pid 8151] [client 127.0.0.1:53674] script '/var/www/html/uploads.php' not found or unable to stat
[Wed Jun 04 01:08:19.381125 2025] [php:error] [pid 8153] [client 127.0.0.1:53698] script '/var/www/html/backup.zip.php' not found or unable to stat
[Wed Jun 04 01:08:19.403046 2025] [php:error] [pid 8150] [client 127.0.0.1:53726] script '/var/www/html/hidden.php' not found or unable to stat
[Wed Jun 04 01:08:19.424450 2025] [php:error] [pid 8152] [client 127.0.0.1:53744] script '/var/www/html/backup.zip.php' not found or unable to stat
[Wed Jun 04 01:08:19.468999 2025] [php:error] [pid 8151] [client 127.0.0.1:53774] script '/var/www/html/api.php' not found or unable to stat
[Wed Jun 04 01:08:19.491052 2025] [php:error] [pid 8153] [client 127.0.0.1:53786] script '/var/www/html/backup.zip.php' not found or unable to stat
[Wed Jun 04 01:08:19.514528 2025] [php:error] [pid 8150] [client 127.0.0.1:53812] script '/var/www/html/config.php' not found or unable to stat
[Wed Jun 04 01:08:19.537146 2025] [php:error] [pid 8152] [client 127.0.0.1:53824] script '/var/www/html/images.php' not found or unable to stat
[Wed Jun 04 01:08:19.559889 2025] [php:error] [pid 8149] [client 127.0.0.1:53848] script '/var/www/html/dev.php' not found or unable to stat
[Wed Jun 04 01:08:19.589398 2025] [php:error] [pid 8151] [client 127.0.0.1:53864] script '/var/www/html/backup_old.php' not found or unable to stat
[Wed Jun 04 01:08:19.613956 2025] [php:error] [pid 8153] [client 127.0.0.1:53884] script '/var/www/html/test.php' not found or unable to stat
[Wed Jun 04 01:08:19.636770 2025] [php:error] [pid 8150] [client 127.0.0.1:53914] script '/var/www/html/manager.php' not found or unable to stat
[Wed Jun 04 01:08:19.659812 2025] [php:error] [pid 8152] [client 127.0.0.1:53940] script '/var/www/html/secret.php' not found or unable to stat
[Wed Jun 04 01:08:19.707184 2025] [php:error] [pid 8151] [client 127.0.0.1:53970] script '/var/www/html/staging.php' not found or unable to stat
[Wed Jun 04 01:08:19.730162 2025] [php:error] [pid 8153] [client 127.0.0.1:53984] script '/var/www/html/shell.php' not found or unable to stat
[Wed Jun 04 01:08:19.753988 2025] [php:error] [pid 8150] [client 127.0.0.1:54012] script '/var/www/html/secret.php' not found or unable to stat
[Wed Jun 04 01:08:19.776431 2025] [php:error] [pid 8152] [client 127.0.0.1:54032] script '/var/www/html/backup.zip.php' not found or unable to stat
[Wed Jun 04 01:08:19.799206 2025] [php:error] [pid 8149] [client 127.0.0.1:54048] script '/var/www/html/config.php' not found or unable to stat
[Wed Jun 04 01:08:19.822702 2025] [php:error] [pid 8151] [client 127.0.0.1:54060] script '/var/www/html/secret.php' not found or unable to stat
[Wed Jun 04 01:08:19.844829 2025] [php:error] [pid 8153] [client 127.0.0.1:54076] script '/var/www/html/shell.php' not found or unable to stat
[Wed Jun 04 01:08:19.867649 2025] [php:error] [pid 8150] [client 127.0.0.1:54094] script '/var/www/html/images.php' not found or unable to stat
[Wed Jun 04 01:08:19.889550 2025] [php:error] [pid 8152] [client 127.0.0.1:54108] script '/var/www/html/env.php' not found or unable to stat
[Wed Jun 04 01:08:19.911319 2025] [php:error] [pid 8149] [client 127.0.0.1:54128] script '/var/www/html/staging.php' not found or unable to stat
[Wed Jun 04 01:08:19.934264 2025] [php:error] [pid 8151] [client 127.0.0.1:54152] script '/var/www/html/admin.php' not found or unable to stat
[Wed Jun 04 01:08:19.980095 2025] [php:error] [pid 8150] [client 127.0.0.1:54190] script '/var/www/html/hidden.php' not found or unable to stat
[Wed Jun 04 01:08:20.001559 2025] [php:error] [pid 8152] [client 127.0.0.1:54200] script '/var/www/html/wp-admin.php' not found or unable to stat
[Wed Jun 04 01:08:20.023266 2025] [php:error] [pid 8149] [client 127.0.0.1:54208] script '/var/www/html/dev.php' not found or unable to stat
[Wed Jun 04 01:08:20.044899 2025] [php:error] [pid 8151] [client 127.0.0.1:54228] script '/var/www/html/uploads.php' not found or unable to stat
[Wed Jun 04 01:08:20.066763 2025] [php:error] [pid 8153] [client 127.0.0.1:54250] script '/var/www/html/core.php' not found or unable to stat
[Wed Jun 04 01:08:20.089813 2025] [php:error] [pid 8150] [client 127.0.0.1:54268] script '/var/www/html/wp-admin.php' not found or unable to stat
[Wed Jun 04 01:08:20.111368 2025] [php:error] [pid 8152] [client 127.0.0.1:54286] script '/var/www/html/backup.zip.php' not found or unable to stat
[Wed Jun 04 01:08:20.134493 2025] [php:error] [pid 8149] [client 127.0.0.1:54308] script '/var/www/html/uploads.php' not found or unable to stat
[Wed Jun 04 01:08:20.180307 2025] [php:error] [pid 8153] [client 127.0.0.1:54360] script '/var/www/html/data.php' not found or unable to stat
[Wed Jun 04 01:08:20.202194 2025] [php:error] [pid 8150] [client 127.0.0.1:54374] script '/var/www/html/api.php' not found or unable to stat
[Wed Jun 04 01:08:20.224329 2025] [php:error] [pid 8152] [client 127.0.0.1:54400] script '/var/www/html/dev.php' not found or unable to stat
[Wed Jun 04 01:08:20.248097 2025] [php:error] [pid 8149] [client 127.0.0.1:54412] script '/var/www/html/admin.php' not found or unable to stat
[Wed Jun 04 01:08:20.270996 2025] [php:error] [pid 8151] [client 127.0.0.1:54432] script '/var/www/html/phpinfo.php' not found or unable to stat
[Wed Jun 04 01:08:20.293521 2025] [php:error] [pid 8153] [client 127.0.0.1:54450] script '/var/www/html/hidden.php' not found or unable to stat
[Wed Jun 04 01:08:20.315322 2025] [php:error] [pid 8150] [client 127.0.0.1:54464] script '/var/www/html/backup.php' not found or unable to stat
[Wed Jun 04 01:08:20.337908 2025] [php:error] [pid 8152] [client 127.0.0.1:54482] script '/var/www/html/shell.php' not found or unable to stat
[Wed Jun 04 01:08:20.361644 2025] [php:error] [pid 8149] [client 127.0.0.1:54510] script '/var/www/html/shell.php' not found or unable to stat
[Wed Jun 04 01:08:20.384645 2025] [php:error] [pid 8151] [client 127.0.0.1:54530] script '/var/www/html/backup.php' not found or unable to stat
[Wed Jun 04 01:08:20.407398 2025] [php:error] [pid 8153] [client 127.0.0.1:54558] script '/var/www/html/test.php' not found or unable to stat
[Wed Jun 04 01:08:20.452845 2025] [php:error] [pid 8152] [client 127.0.0.1:54600] script '/var/www/html/db.php' not found or unable to stat
[Wed Jun 04 01:08:20.475041 2025] [php:error] [pid 8149] [client 127.0.0.1:54610] script '/var/www/html/manager.php' not found or unable to stat
[Wed Jun 04 01:08:20.496832 2025] [php:error] [pid 8151] [client 127.0.0.1:54618] script '/var/www/html/uploads.php' not found or unable to stat
[Wed Jun 04 01:08:20.520997 2025] [php:error] [pid 8153] [client 127.0.0.1:54634] script '/var/www/html/backup.zip.php' not found or unable to stat
[Wed Jun 04 01:08:20.543984 2025] [php:error] [pid 8150] [client 127.0.0.1:54652] script '/var/www/html/manager.php' not found or unable to stat
[Wed Jun 04 01:08:20.565598 2025] [php:error] [pid 8152] [client 127.0.0.1:54670] script '/var/www/html/test.php' not found or unable to stat
[Wed Jun 04 01:08:20.587114 2025] [php:error] [pid 8149] [client 127.0.0.1:54692] script '/var/www/html/api.php' not found or unable to stat
[Wed Jun 04 01:08:20.608880 2025] [php:error] [pid 8151] [client 127.0.0.1:54702] script '/var/www/html/backup.zip.php' not found or unable to stat
[Wed Jun 04 01:08:20.632384 2025] [php:error] [pid 8153] [client 127.0.0.1:54724] script '/var/www/html/test.php' not found or unable to stat
[Wed Jun 04 01:08:20.657821 2025] [php:error] [pid 8150] [client 127.0.0.1:54728] script '/var/www/html/backup.php' not found or unable to stat
[Wed Jun 04 01:08:20.680939 2025] [php:error] [pid 8152] [client 127.0.0.1:54752] script '/var/www/html/backup.zip.php' not found or unable to stat
[Wed Jun 04 01:08:20.702956 2025] [php:error] [pid 8149] [client 127.0.0.1:54768] script '/var/www/html/backup.php' not found or unable to stat
[Wed Jun 04 01:08:20.724696 2025] [php:error] [pid 8151] [client 127.0.0.1:54794] script '/var/www/html/config.php' not found or unable to stat
[Wed Jun 04 01:08:20.747649 2025] [php:error] [pid 8153] [client 127.0.0.1:54800] script '/var/www/html/test.php' not found or unable to stat
[Wed Jun 04 01:08:20.770940 2025] [php:error] [pid 8150] [client 127.0.0.1:54832] script '/var/www/html/images.php' not found or unable to stat
[Wed Jun 04 01:08:20.795271 2025] [php:error] [pid 8152] [client 127.0.0.1:54852] script '/var/www/html/backup.php' not found or unable to stat
[Wed Jun 04 01:08:20.817157 2025] [php:error] [pid 8149] [client 127.0.0.1:54870] script '/var/www/html/phpinfo.php' not found or unable to stat
[Wed Jun 04 01:08:20.839398 2025] [php:error] [pid 8151] [client 127.0.0.1:54888] script '/var/www/html/shell.php' not found or unable to stat
[Wed Jun 04 01:08:20.862511 2025] [php:error] [pid 8153] [client 127.0.0.1:54906] script '/var/www/html/backup.php' not found or unable to stat
[Wed Jun 04 01:08:20.887442 2025] [php:error] [pid 8150] [client 127.0.0.1:54928] script '/var/www/html/uploads.php' not found or unable to stat
[Wed Jun 04 01:08:20.909694 2025] [php:error] [pid 8152] [client 127.0.0.1:54950] script '/var/www/html/manager.php' not found or unable to stat
[Wed Jun 04 01:08:20.931278 2025] [php:error] [pid 8149] [client 127.0.0.1:54962] script '/var/www/html/dev.php' not found or unable to stat
[Wed Jun 04 01:08:20.953294 2025] [php:error] [pid 8151] [client 127.0.0.1:54972] script '/var/www/html/config.php' not found or unable to stat
[Wed Jun 04 01:08:20.975535 2025] [php:error] [pid 8153] [client 127.0.0.1:54996] script '/var/www/html/includes.php' not found or unable to stat
[Wed Jun 04 01:08:20.997501 2025] [php:error] [pid 8150] [client 127.0.0.1:55022] script '/var/www/html/wp-admin.php' not found or unable to stat
[Wed Jun 04 01:08:21.022021 2025] [php:error] [pid 8152] [client 127.0.0.1:55030] script '/var/www/html/db.php' not found or unable to stat
[Wed Jun 04 01:08:21.045220 2025] [php:error] [pid 8149] [client 127.0.0.1:55056] script '/var/www/html/db.php' not found or unable to stat
[Wed Jun 04 01:08:21.067192 2025] [php:error] [pid 8151] [client 127.0.0.1:55078] script '/var/www/html/devlogin.php' not found or unable to stat
[Wed Jun 04 01:08:21.089565 2025] [php:error] [pid 8153] [client 127.0.0.1:55098] script '/var/www/html/test.php' not found or unable to stat
[Wed Jun 04 01:08:21.129071 2025] [php:error] [pid 8150] [client 127.0.0.1:55130] script '/var/www/html/data.php' not found or unable to stat
[Wed Jun 04 01:08:21.153785 2025] [php:error] [pid 8152] [client 127.0.0.1:55146] script '/var/www/html/backup.php' not found or unable to stat
[Wed Jun 04 01:08:21.177010 2025] [php:error] [pid 8149] [client 127.0.0.1:55172] script '/var/www/html/images.php' not found or unable to stat
[Wed Jun 04 01:08:21.201005 2025] [php:error] [pid 8151] [client 127.0.0.1:55184] script '/var/www/html/images.php' not found or unable to stat
[Wed Jun 04 01:08:21.224913 2025] [php:error] [pid 8153] [client 127.0.0.1:55212] script '/var/www/html/env.php' not found or unable to stat
[Wed Jun 04 01:08:21.248192 2025] [php:error] [pid 8150] [client 127.0.0.1:55222] script '/var/www/html/backup.php' not found or unable to stat
[Wed Jun 04 01:08:21.271845 2025] [php:error] [pid 8152] [client 127.0.0.1:55242] script '/var/www/html/images.php' not found or unable to stat
[Wed Jun 04 01:08:21.295554 2025] [php:error] [pid 8149] [client 127.0.0.1:55266] script '/var/www/html/manager.php' not found or unable to stat
[Wed Jun 04 01:08:21.318129 2025] [php:error] [pid 8151] [client 127.0.0.1:55278] script '/var/www/html/config.php' not found or unable to stat
[Wed Jun 04 01:08:21.342092 2025] [php:error] [pid 8153] [client 127.0.0.1:55296] script '/var/www/html/phpinfo.php' not found or unable to stat
[Wed Jun 04 01:08:21.364824 2025] [php:error] [pid 8150] [client 127.0.0.1:55316] script '/var/www/html/backup.zip.php' not found or unable to stat
[Wed Jun 04 01:08:21.388436 2025] [php:error] [pid 8152] [client 127.0.0.1:55342] script '/var/www/html/backup_old.php' not found or unable to stat
[Wed Jun 04 01:08:21.410949 2025] [php:error] [pid 8149] [client 127.0.0.1:55350] script '/var/www/html/images.php' not found or unable to stat
[Wed Jun 04 01:08:21.433609 2025] [php:error] [pid 8151] [client 127.0.0.1:55364] script '/var/www/html/devlogin.php' not found or unable to stat
[Wed Jun 04 01:08:21.456786 2025] [php:error] [pid 8153] [client 127.0.0.1:55382] script '/var/www/html/includes.php' not found or unable to stat
[Wed Jun 04 01:08:21.480172 2025] [php:error] [pid 8150] [client 127.0.0.1:55396] script '/var/www/html/phpinfo.php' not found or unable to stat
[Wed Jun 04 01:08:21.503678 2025] [php:error] [pid 8152] [client 127.0.0.1:55408] script '/var/www/html/includes.php' not found or unable to stat
[Wed Jun 04 01:08:21.525807 2025] [php:error] [pid 8149] [client 127.0.0.1:55434] script '/var/www/html/backup_old.php' not found or unable to stat
[Wed Jun 04 01:08:21.548306 2025] [php:error] [pid 8151] [client 127.0.0.1:55444] script '/var/www/html/config.php' not found or unable to stat
[Wed Jun 04 01:08:21.571673 2025] [php:error] [pid 8153] [client 127.0.0.1:55470] script '/var/www/html/api.php' not found or unable to stat
[Wed Jun 04 01:08:21.595421 2025] [php:error] [pid 8150] [client 127.0.0.1:55482] script '/var/www/html/secret.php' not found or unable to stat
[Wed Jun 04 01:08:21.618018 2025] [php:error] [pid 8152] [client 127.0.0.1:55500] script '/var/www/html/secret.php' not found or unable to stat
[Wed Jun 04 01:08:21.640432 2025] [php:error] [pid 8149] [client 127.0.0.1:55520] script '/var/www/html/core.php' not found or unable to stat
[Wed Jun 04 01:08:21.662831 2025] [php:error] [pid 8151] [client 127.0.0.1:55540] script '/var/www/html/backup.php' not found or unable to stat
[Wed Jun 04 01:08:21.685624 2025] [php:error] [pid 8153] [client 127.0.0.1:55556] script '/var/www/html/backup.php' not found or unable to stat
[Wed Jun 04 01:08:21.710364 2025] [php:error] [pid 8150] [client 127.0.0.1:55578] script '/var/www/html/data.php' not found or unable to stat
[Wed Jun 04 01:08:21.733612 2025] [php:error] [pid 8152] [client 127.0.0.1:55592] script '/var/www/html/core.php' not found or unable to stat
[Wed Jun 04 01:08:21.756724 2025] [php:error] [pid 8149] [client 127.0.0.1:55610] script '/var/www/html/api.php' not found or unable to stat
[Wed Jun 04 01:08:21.779674 2025] [php:error] [pid 8151] [client 127.0.0.1:55634] script '/var/www/html/shell.php' not found or unable to stat
[Wed Jun 04 01:08:21.852110 2025] [php:error] [pid 8152] [client 127.0.0.1:55668] script '/var/www/html/shell.php' not found or unable to stat
[Wed Jun 04 01:08:21.875118 2025] [php:error] [pid 8149] [client 127.0.0.1:55680] script '/var/www/html/manager.php' not found or unable to stat
[Wed Jun 04 01:08:21.898052 2025] [php:error] [pid 8151] [client 127.0.0.1:55700] script '/var/www/html/shell.php' not found or unable to stat
[Wed Jun 04 01:08:21.919846 2025] [php:error] [pid 8153] [client 127.0.0.1:55718] script '/var/www/html/hidden.php' not found or unable to stat
[Wed Jun 04 01:08:21.941859 2025] [php:error] [pid 8150] [client 127.0.0.1:55726] script '/var/www/html/wp-admin.php' not found or unable to stat
[Wed Jun 04 01:08:21.964166 2025] [php:error] [pid 8152] [client 127.0.0.1:55744] script '/var/www/html/dev.php' not found or unable to stat
[Wed Jun 04 01:08:21.987171 2025] [php:error] [pid 8149] [client 127.0.0.1:55762] script '/var/www/html/includes.php' not found or unable to stat
[Wed Jun 04 01:08:22.010082 2025] [php:error] [pid 8151] [client 127.0.0.1:55776] script '/var/www/html/backup.zip.php' not found or unable to stat
[Wed Jun 04 01:08:22.032027 2025] [php:error] [pid 8153] [client 127.0.0.1:55790] script '/var/www/html/images.php' not found or unable to stat
[Wed Jun 04 01:08:22.054166 2025] [php:error] [pid 8150] [client 127.0.0.1:55816] script '/var/www/html/includes.php' not found or unable to stat
[Wed Jun 04 01:08:22.077737 2025] [php:error] [pid 8152] [client 127.0.0.1:55836] script '/var/www/html/shell.php' not found or unable to stat
[Wed Jun 04 01:08:22.099453 2025] [php:error] [pid 8149] [client 127.0.0.1:55862] script '/var/www/html/shell.php' not found or unable to stat
[Wed Jun 04 01:08:22.121079 2025] [php:error] [pid 8151] [client 127.0.0.1:55890] script '/var/www/html/core.php' not found or unable to stat
[Wed Jun 04 01:08:22.144166 2025] [php:error] [pid 8153] [client 127.0.0.1:55904] script '/var/www/html/data.php' not found or unable to stat
[Wed Jun 04 01:08:22.168382 2025] [php:error] [pid 8150] [client 127.0.0.1:55922] script '/var/www/html/phpinfo.php' not found or unable to stat
[Wed Jun 04 01:08:22.190884 2025] [php:error] [pid 8152] [client 127.0.0.1:55940] script '/var/www/html/api.php' not found or unable to stat
[Wed Jun 04 01:08:22.213935 2025] [php:error] [pid 8149] [client 127.0.0.1:55962] script '/var/www/html/secret.php' not found or unable to stat
[Wed Jun 04 01:08:22.235835 2025] [php:error] [pid 8151] [client 127.0.0.1:55972] script '/var/www/html/test.php' not found or unable to stat
[Wed Jun 04 01:08:22.257542 2025] [php:error] [pid 8153] [client 127.0.0.1:55984] script '/var/www/html/shell.php' not found or unable to stat
[Wed Jun 04 01:08:22.279642 2025] [php:error] [pid 8150] [client 127.0.0.1:56008] script '/var/www/html/includes.php' not found or unable to stat
[Wed Jun 04 01:08:22.301433 2025] [php:error] [pid 8152] [client 127.0.0.1:56040] script '/var/www/html/config.php' not found or unable to stat
[Wed Jun 04 01:08:22.324012 2025] [php:error] [pid 8149] [client 127.0.0.1:56054] script '/var/www/html/config.php' not found or unable to stat
[Wed Jun 04 01:08:22.347935 2025] [php:error] [pid 8151] [client 127.0.0.1:56076] script '/var/www/html/data.php' not found or unable to stat
[Wed Jun 04 01:08:22.374525 2025] [php:error] [pid 8153] [client 127.0.0.1:56092] script '/var/www/html/includes.php' not found or unable to stat
[Wed Jun 04 01:08:22.399458 2025] [php:error] [pid 8150] [client 127.0.0.1:56102] script '/var/www/html/dev.php' not found or unable to stat
[Wed Jun 04 01:08:22.421181 2025] [php:error] [pid 8152] [client 127.0.0.1:56116] script '/var/www/html/manager.php' not found or unable to stat
[Wed Jun 04 01:08:22.443071 2025] [php:error] [pid 8149] [client 127.0.0.1:56128] script '/var/www/html/dev.php' not found or unable to stat
[Wed Jun 04 01:08:22.486377 2025] [php:error] [pid 8153] [client 127.0.0.1:56172] script '/var/www/html/api.php' not found or unable to stat
[Wed Jun 04 01:08:22.508070 2025] [php:error] [pid 8150] [client 127.0.0.1:56192] script '/var/www/html/env.php' not found or unable to stat
[Wed Jun 04 01:08:22.531096 2025] [php:error] [pid 8152] [client 127.0.0.1:56206] script '/var/www/html/manager.php' not found or unable to stat
[Wed Jun 04 01:08:22.554446 2025] [php:error] [pid 8149] [client 127.0.0.1:56228] script '/var/www/html/devlogin.php' not found or unable to stat
[Wed Jun 04 01:08:22.576047 2025] [php:error] [pid 8151] [client 127.0.0.1:56244] script '/var/www/html/manager.php' not found or unable to stat
[Wed Jun 04 01:08:22.598982 2025] [php:error] [pid 8153] [client 127.0.0.1:56254] script '/var/www/html/secret.php' not found or unable to stat
[Wed Jun 04 01:08:22.620566 2025] [php:error] [pid 8150] [client 127.0.0.1:56270] script '/var/www/html/api.php' not found or unable to stat
[Wed Jun 04 01:08:22.642694 2025] [php:error] [pid 8152] [client 127.0.0.1:56292] script '/var/www/html/secret.php' not found or unable to stat
[Wed Jun 04 01:08:22.665522 2025] [php:error] [pid 8149] [client 127.0.0.1:56314] script '/var/www/html/test.php' not found or unable to stat
[Wed Jun 04 01:08:22.687480 2025] [php:error] [pid 8151] [client 127.0.0.1:56334] script '/var/www/html/env.php' not found or unable to stat
[Wed Jun 04 01:08:22.711149 2025] [php:error] [pid 8153] [client 127.0.0.1:56344] script '/var/www/html/manager.php' not found or unable to stat
[Wed Jun 04 01:08:22.733195 2025] [php:error] [pid 8150] [client 127.0.0.1:56362] script '/var/www/html/includes.php' not found or unable to stat
[Wed Jun 04 01:08:22.754846 2025] [php:error] [pid 8152] [client 127.0.0.1:56386] script '/var/www/html/shell.php' not found or unable to stat
[Wed Jun 04 01:08:22.778918 2025] [php:error] [pid 8149] [client 127.0.0.1:56408] script '/var/www/html/backup.php' not found or unable to stat
[Wed Jun 04 01:08:22.800311 2025] [php:error] [pid 8151] [client 127.0.0.1:56432] script '/var/www/html/admin.php' not found or unable to stat
[Wed Jun 04 01:08:22.822835 2025] [php:error] [pid 8153] [client 127.0.0.1:56452] script '/var/www/html/secret.php' not found or unable to stat
[Wed Jun 04 01:08:22.846738 2025] [php:error] [pid 8150] [client 127.0.0.1:56482] script '/var/www/html/backup.php' not found or unable to stat
[Wed Jun 04 01:08:22.868575 2025] [php:error] [pid 8152] [client 127.0.0.1:56496] script '/var/www/html/config.php' not found or unable to stat
[Wed Jun 04 01:08:22.893916 2025] [php:error] [pid 8149] [client 127.0.0.1:56510] script '/var/www/html/backup.php' not found or unable to stat
[Wed Jun 04 01:08:22.917080 2025] [php:error] [pid 8151] [client 127.0.0.1:56526] script '/var/www/html/db.php' not found or unable to stat
[Wed Jun 04 01:08:22.940902 2025] [php:error] [pid 8153] [client 127.0.0.1:56550] script '/var/www/html/dev.php' not found or unable to stat
[Wed Jun 04 01:08:22.963671 2025] [php:error] [pid 8150] [client 127.0.0.1:56572] script '/var/www/html/backup.php' not found or unable to stat
[Wed Jun 04 01:08:22.987050 2025] [php:error] [pid 8152] [client 127.0.0.1:56590] script '/var/www/html/phpinfo.php' not found or unable to stat
[Wed Jun 04 01:08:23.008954 2025] [php:error] [pid 8149] [client 127.0.0.1:56606] script '/var/www/html/manager.php' not found or unable to stat
[Wed Jun 04 01:08:23.031930 2025] [php:error] [pid 8151] [client 127.0.0.1:56612] script '/var/www/html/shell.php' not found or unable to stat
[Wed Jun 04 01:08:23.056039 2025] [php:error] [pid 8153] [client 127.0.0.1:56642] script '/var/www/html/staging.php' not found or unable to stat
[Wed Jun 04 01:08:23.078894 2025] [php:error] [pid 8150] [client 127.0.0.1:56668] script '/var/www/html/hidden.php' not found or unable to stat
[Wed Jun 04 01:08:23.101798 2025] [php:error] [pid 8152] [client 127.0.0.1:56698] script '/var/www/html/config.php' not found or unable to stat
[Wed Jun 04 01:08:23.124410 2025] [php:error] [pid 8149] [client 127.0.0.1:56716] script '/var/www/html/backup_old.php' not found or unable to stat
[Wed Jun 04 01:08:23.147028 2025] [php:error] [pid 8151] [client 127.0.0.1:56730] script '/var/www/html/api.php' not found or unable to stat
[Wed Jun 04 01:08:23.168686 2025] [php:error] [pid 8153] [client 127.0.0.1:56742] script '/var/www/html/manager.php' not found or unable to stat
[Wed Jun 04 01:08:23.190825 2025] [php:error] [pid 8150] [client 127.0.0.1:56770] script '/var/www/html/admin.php' not found or unable to stat
[Wed Jun 04 01:08:23.238397 2025] [php:error] [pid 8149] [client 127.0.0.1:56812] script '/var/www/html/config.php' not found or unable to stat
[Wed Jun 04 01:08:23.283268 2025] [php:error] [pid 8153] [client 127.0.0.1:56836] script '/var/www/html/images.php' not found or unable to stat
[Wed Jun 04 01:08:23.306380 2025] [php:error] [pid 8150] [client 127.0.0.1:56854] script '/var/www/html/core.php' not found or unable to stat
[Wed Jun 04 01:08:23.328391 2025] [php:error] [pid 8152] [client 127.0.0.1:56870] script '/var/www/html/env.php' not found or unable to stat
[Wed Jun 04 01:08:23.351991 2025] [php:error] [pid 8149] [client 127.0.0.1:56890] script '/var/www/html/backup.php' not found or unable to stat
[Wed Jun 04 01:08:23.373583 2025] [php:error] [pid 8151] [client 127.0.0.1:56914] script '/var/www/html/db.php' not found or unable to stat
[Wed Jun 04 01:08:23.395894 2025] [php:error] [pid 8153] [client 127.0.0.1:56932] script '/var/www/html/images.php' not found or unable to stat
[Wed Jun 04 01:08:23.417408 2025] [php:error] [pid 8150] [client 127.0.0.1:56956] script '/var/www/html/dev.php' not found or unable to stat
[Wed Jun 04 01:08:23.440210 2025] [php:error] [pid 8152] [client 127.0.0.1:56982] script '/var/www/html/admin.php' not found or unable to stat
[Wed Jun 04 01:08:23.466820 2025] [php:error] [pid 8149] [client 127.0.0.1:57008] script '/var/www/html/backup_old.php' not found or unable to stat
[Wed Jun 04 01:08:23.488956 2025] [php:error] [pid 8151] [client 127.0.0.1:57032] script '/var/www/html/dev.php' not found or unable to stat
[Wed Jun 04 01:08:23.510943 2025] [php:error] [pid 8153] [client 127.0.0.1:57052] script '/var/www/html/uploads.php' not found or unable to stat
[Wed Jun 04 01:08:23.534755 2025] [php:error] [pid 8150] [client 127.0.0.1:57066] script '/var/www/html/hidden.php' not found or unable to stat
[Wed Jun 04 01:08:23.558166 2025] [php:error] [pid 8152] [client 127.0.0.1:57084] script '/var/www/html/staging.php' not found or unable to stat
[Wed Jun 04 01:08:23.580038 2025] [php:error] [pid 8149] [client 127.0.0.1:57108] script '/var/www/html/images.php' not found or unable to stat
[Wed Jun 04 01:08:23.602113 2025] [php:error] [pid 8151] [client 127.0.0.1:57114] script '/var/www/html/backup_old.php' not found or unable to stat
[Wed Jun 04 01:08:23.623916 2025] [php:error] [pid 8153] [client 127.0.0.1:57138] script '/var/www/html/core.php' not found or unable to stat
[Wed Jun 04 01:08:23.646842 2025] [php:error] [pid 8150] [client 127.0.0.1:57144] script '/var/www/html/images.php' not found or unable to stat
[Wed Jun 04 01:08:23.669326 2025] [php:error] [pid 8152] [client 127.0.0.1:57166] script '/var/www/html/backup_old.php' not found or unable to stat
[Wed Jun 04 01:08:23.691190 2025] [php:error] [pid 8149] [client 127.0.0.1:57176] script '/var/www/html/uploads.php' not found or unable to stat
[Wed Jun 04 01:08:23.713177 2025] [php:error] [pid 8151] [client 127.0.0.1:57198] script '/var/www/html/wp-admin.php' not found or unable to stat
[Wed Jun 04 01:08:23.734951 2025] [php:error] [pid 8153] [client 127.0.0.1:57218] script '/var/www/html/db.php' not found or unable to stat
[Wed Jun 04 01:08:23.759572 2025] [php:error] [pid 8150] [client 127.0.0.1:57224] script '/var/www/html/backup.php' not found or unable to stat
[Wed Jun 04 01:08:23.781863 2025] [php:error] [pid 8152] [client 127.0.0.1:57238] script '/var/www/html/dev.php' not found or unable to stat
[Wed Jun 04 01:08:23.804533 2025] [php:error] [pid 8149] [client 127.0.0.1:57248] script '/var/www/html/admin.php' not found or unable to stat
