[Wed Jun 04 00:15:46.383168 2025] [php:error] [pid 8149] [client 127.0.0.1:47528] PHP Parse error:  syntax error, unexpected token "\\" in /var/www/html/upload.php on line 2
[Wed Jun 04 00:15:46.535055 2025] [php:error] [pid 8153] [client 127.0.0.1:47560] PHP Parse error:  syntax error, unexpected token "\\" in /var/www/html/upload.php on line 2
[Wed Jun 04 00:15:46.564396 2025] [php:error] [pid 8149] [client 127.0.0.1:47564] script '/var/www/html/contact.php' not found or unable to stat
[Wed Jun 04 00:15:46.621488 2025] [php:error] [pid 8151] [client 127.0.0.1:47576] script '/var/www/html/home.php' not found or unable to stat
[Wed Jun 04 00:15:46.651980 2025] [php:error] [pid 8152] [client 127.0.0.1:47590] script '/var/www/html/contact.php' not found or unable to stat
[Wed Jun 04 00:15:46.680380 2025] [php:error] [pid 8153] [client 127.0.0.1:47596] script '/var/www/html/home.php' not found or unable to stat
[Wed Jun 04 00:15:46.736993 2025] [php:error] [pid 8150] [client 127.0.0.1:47622] script '/var/www/html/contact.php' not found or unable to stat
[Wed Jun 04 00:15:46.823538 2025] [php:error] [pid 8153] [client 127.0.0.1:47650] script '/var/www/html/home.php' not found or unable to stat
[Wed Jun 04 00:15:47.080388 2025] [php:error] [pid 8152] [client 127.0.0.1:47732] PHP Parse error:  syntax error, unexpected token "\\" in /var/www/html/upload.php on line 2
[Wed Jun 04 00:15:47.107778 2025] [php:error] [pid 8153] [client 127.0.0.1:47740] script '/var/www/html/home.php' not found or unable to stat
[Wed Jun 04 00:15:47.138427 2025] [php:error] [pid 8149] [client 127.0.0.1:47756] PHP Parse error:  syntax error, unexpected token "\\" in /var/www/html/upload.php on line 2
[Wed Jun 04 00:15:47.310152 2025] [php:error] [pid 8150] [client 127.0.0.1:47782] script '/var/www/html/contact.php' not found or unable to stat
[Wed Jun 04 00:15:47.337908 2025] [php:error] [pid 8151] [client 127.0.0.1:47786] script '/var/www/html/contact.php' not found or unable to stat
[Wed Jun 04 00:15:47.366997 2025] [php:error] [pid 8152] [client 127.0.0.1:47792] script '/var/www/html/home.php' not found or unable to stat
[Wed Jun 04 00:15:47.423976 2025] [php:error] [pid 8149] [client 127.0.0.1:47818] PHP Parse error:  syntax error, unexpected token "\\" in /var/www/html/upload.php on line 2
[Wed Jun 04 00:15:47.452065 2025] [php:error] [pid 8150] [client 127.0.0.1:47826] script '/var/www/html/home.php' not found or unable to stat
[Wed Jun 04 00:15:47.480071 2025] [php:error] [pid 8151] [client 127.0.0.1:47830] script '/var/www/html/home.php' not found or unable to stat
[Wed Jun 04 00:15:47.508130 2025] [php:error] [pid 8152] [client 127.0.0.1:47838] PHP Parse error:  syntax error, unexpected token "\\" in /var/www/html/upload.php on line 2
[Wed Jun 04 00:15:47.564423 2025] [php:error] [pid 8149] [client 127.0.0.1:47856] script '/var/www/html/contact.php' not found or unable to stat
[Wed Jun 04 00:15:47.682167 2025] [php:error] [pid 8153] [client 127.0.0.1:47898] script '/var/www/html/home.php' not found or unable to stat
[Wed Jun 04 00:15:47.767820 2025] [php:error] [pid 8151] [client 127.0.0.1:47934] script '/var/www/html/home.php' not found or unable to stat
[Wed Jun 04 00:15:47.823568 2025] [php:error] [pid 8153] [client 127.0.0.1:47952] script '/var/www/html/contact.php' not found or unable to stat
[Wed Jun 04 00:15:47.851401 2025] [php:error] [pid 8149] [client 127.0.0.1:47964] script '/var/www/html/contact.php' not found or unable to stat
[Wed Jun 04 00:15:47.880533 2025] [php:error] [pid 8150] [client 127.0.0.1:47970] script '/var/www/html/contact.php' not found or unable to stat
[Wed Jun 04 00:15:47.907567 2025] [php:error] [pid 8151] [client 127.0.0.1:47982] script '/var/www/html/home.php' not found or unable to stat
[Wed Jun 04 00:15:47.963493 2025] [php:error] [pid 8153] [client 127.0.0.1:48000] script '/var/www/html/home.php' not found or unable to stat
[Wed Jun 04 00:15:48.022778 2025] [php:error] [pid 8150] [client 127.0.0.1:48014] PHP Parse error:  syntax error, unexpected token "\\" in /var/www/html/upload.php on line 2
[Wed Jun 04 00:15:48.054904 2025] [php:error] [pid 8151] [client 127.0.0.1:48020] script '/var/www/html/home.php' not found or unable to stat
[Wed Jun 04 00:15:48.139927 2025] [php:error] [pid 8149] [client 127.0.0.1:48054] script '/var/www/html/home.php' not found or unable to stat
[Wed Jun 04 00:15:48.226307 2025] [php:error] [pid 8152] [client 127.0.0.1:48076] script '/var/www/html/home.php' not found or unable to stat
[Wed Jun 04 00:15:48.319442 2025] [php:error] [pid 8150] [client 127.0.0.1:48108] PHP Parse error:  syntax error, unexpected token "\\" in /var/www/html/upload.php on line 2
[Wed Jun 04 00:15:48.347891 2025] [php:error] [pid 8151] [client 127.0.0.1:48124] script '/var/www/html/contact.php' not found or unable to stat
[Wed Jun 04 00:15:48.376975 2025] [php:error] [pid 8152] [client 127.0.0.1:48136] script '/var/www/html/home.php' not found or unable to stat
[Wed Jun 04 00:15:48.431893 2025] [php:error] [pid 8149] [client 127.0.0.1:48148] PHP Parse error:  syntax error, unexpected token "\\" in /var/www/html/upload.php on line 2
[Wed Jun 04 00:15:48.517420 2025] [php:error] [pid 8152] [client 127.0.0.1:48178] script '/var/www/html/contact.php' not found or unable to stat
[Wed Jun 04 00:15:48.544459 2025] [php:error] [pid 8153] [client 127.0.0.1:48190] script '/var/www/html/contact.php' not found or unable to stat
[Wed Jun 04 00:15:48.571602 2025] [php:error] [pid 8149] [client 127.0.0.1:48202] script '/var/www/html/contact.php' not found or unable to stat
[Wed Jun 04 00:15:48.629522 2025] [php:error] [pid 8151] [client 127.0.0.1:48216] script '/var/www/html/contact.php' not found or unable to stat
[Wed Jun 04 00:15:48.767050 2025] [php:error] [pid 8151] [client 127.0.0.1:48272] script '/var/www/html/home.php' not found or unable to stat
[Wed Jun 04 00:15:48.824543 2025] [php:error] [pid 8153] [client 127.0.0.1:48288] script '/var/www/html/home.php' not found or unable to stat
[Wed Jun 04 00:15:48.853089 2025] [php:error] [pid 8149] [client 127.0.0.1:48298] script '/var/www/html/home.php' not found or unable to stat
[Wed Jun 04 00:15:48.881012 2025] [php:error] [pid 8150] [client 127.0.0.1:48300] script '/var/www/html/home.php' not found or unable to stat
[Wed Jun 04 00:15:48.938264 2025] [php:error] [pid 8152] [client 127.0.0.1:48316] script '/var/www/html/contact.php' not found or unable to stat
[Wed Jun 04 00:15:48.966654 2025] [php:error] [pid 8153] [client 127.0.0.1:48318] PHP Parse error:  syntax error, unexpected token "\\" in /var/www/html/upload.php on line 2
[Wed Jun 04 00:15:48.995258 2025] [php:error] [pid 8149] [client 127.0.0.1:48322] PHP Parse error:  syntax error, unexpected token "\\" in /var/www/html/upload.php on line 2
[Wed Jun 04 00:15:49.080404 2025] [php:error] [pid 8152] [client 127.0.0.1:48346] script '/var/www/html/home.php' not found or unable to stat
[Wed Jun 04 00:15:49.165431 2025] [php:error] [pid 8150] [client 127.0.0.1:48374] script '/var/www/html/contact.php' not found or unable to stat
[Wed Jun 04 00:15:49.208167 2025] [php:error] [pid 8151] [client 127.0.0.1:48382] script '/var/www/html/home.php' not found or unable to stat
[Wed Jun 04 00:15:49.263426 2025] [php:error] [pid 8153] [client 127.0.0.1:46958] script '/var/www/html/home.php' not found or unable to stat
[Wed Jun 04 00:15:49.319193 2025] [php:error] [pid 8150] [client 127.0.0.1:46986] script '/var/www/html/contact.php' not found or unable to stat
[Wed Jun 04 00:15:49.401117 2025] [php:error] [pid 8153] [client 127.0.0.1:47006] script '/var/www/html/home.php' not found or unable to stat
[Wed Jun 04 00:15:49.427959 2025] [php:error] [pid 8149] [client 127.0.0.1:47022] script '/var/www/html/home.php' not found or unable to stat
[Wed Jun 04 00:15:49.454851 2025] [php:error] [pid 8150] [client 127.0.0.1:47030] script '/var/www/html/contact.php' not found or unable to stat
[Wed Jun 04 00:15:49.538462 2025] [php:error] [pid 8153] [client 127.0.0.1:47050] script '/var/www/html/home.php' not found or unable to stat
[Wed Jun 04 00:15:49.565956 2025] [php:error] [pid 8149] [client 127.0.0.1:47064] script '/var/www/html/home.php' not found or unable to stat
[Wed Jun 04 00:15:49.621061 2025] [php:error] [pid 8151] [client 127.0.0.1:47094] PHP Parse error:  syntax error, unexpected token "\\" in /var/www/html/upload.php on line 2
[Wed Jun 04 00:15:49.649013 2025] [php:error] [pid 8152] [client 127.0.0.1:47096] script '/var/www/html/home.php' not found or unable to stat
[Wed Jun 04 00:15:49.703848 2025] [php:error] [pid 8149] [client 127.0.0.1:47104] script '/var/www/html/contact.php' not found or unable to stat
[Wed Jun 04 00:15:49.760236 2025] [php:error] [pid 8151] [client 127.0.0.1:47114] PHP Parse error:  syntax error, unexpected token "\\" in /var/www/html/upload.php on line 2
[Wed Jun 04 00:15:49.789008 2025] [php:error] [pid 8152] [client 127.0.0.1:47120] script '/var/www/html/contact.php' not found or unable to stat
[Wed Jun 04 00:15:49.899584 2025] [php:error] [pid 8151] [client 127.0.0.1:47140] script '/var/www/html/contact.php' not found or unable to stat
[Wed Jun 04 00:15:49.927131 2025] [php:error] [pid 8152] [client 127.0.0.1:47142] PHP Parse error:  syntax error, unexpected token "\\" in /var/www/html/upload.php on line 2
[Wed Jun 04 00:15:49.982058 2025] [php:error] [pid 8149] [client 127.0.0.1:47168] PHP Parse error:  syntax error, unexpected token "\\" in /var/www/html/upload.php on line 2
[Wed Jun 04 00:15:50.065774 2025] [php:error] [pid 8152] [client 127.0.0.1:47198] script '/var/www/html/contact.php' not found or unable to stat
[Wed Jun 04 00:15:50.094413 2025] [php:error] [pid 8153] [client 127.0.0.1:47202] script '/var/www/html/contact.php' not found or unable to stat
[Wed Jun 04 00:15:50.122311 2025] [php:error] [pid 8149] [client 127.0.0.1:47218] script '/var/www/html/home.php' not found or unable to stat
[Wed Jun 04 00:15:50.178495 2025] [php:error] [pid 8151] [client 127.0.0.1:47224] script '/var/www/html/contact.php' not found or unable to stat
[Wed Jun 04 00:15:50.207759 2025] [php:error] [pid 8152] [client 127.0.0.1:47240] script '/var/www/html/home.php' not found or unable to stat
[Wed Jun 04 00:15:50.379784 2025] [php:error] [pid 8153] [client 127.0.0.1:47284] PHP Parse error:  syntax error, unexpected token "\\" in /var/www/html/upload.php on line 2
[Wed Jun 04 00:15:50.461742 2025] [php:error] [pid 8151] [client 127.0.0.1:47322] script '/var/www/html/contact.php' not found or unable to stat
[Wed Jun 04 00:15:50.519611 2025] [php:error] [pid 8153] [client 127.0.0.1:47342] script '/var/www/html/contact.php' not found or unable to stat
[Wed Jun 04 00:15:50.546870 2025] [php:error] [pid 8149] [client 127.0.0.1:47354] script '/var/www/html/contact.php' not found or unable to stat
[Wed Jun 04 00:15:50.601513 2025] [php:error] [pid 8151] [client 127.0.0.1:47384] script '/var/www/html/home.php' not found or unable to stat
[Wed Jun 04 00:15:50.628803 2025] [php:error] [pid 8152] [client 127.0.0.1:47386] script '/var/www/html/home.php' not found or unable to stat
[Wed Jun 04 00:15:50.655378 2025] [php:error] [pid 8153] [client 127.0.0.1:47394] script '/var/www/html/contact.php' not found or unable to stat
[Wed Jun 04 00:15:50.683285 2025] [php:error] [pid 8149] [client 127.0.0.1:47410] script '/var/www/html/contact.php' not found or unable to stat
[Wed Jun 04 00:15:50.791121 2025] [php:error] [pid 8153] [client 127.0.0.1:47454] PHP Parse error:  syntax error, unexpected token "\\" in /var/www/html/upload.php on line 2
[Wed Jun 04 00:15:50.848856 2025] [php:error] [pid 8150] [client 127.0.0.1:47468] script '/var/www/html/home.php' not found or unable to stat
[Wed Jun 04 00:15:50.930992 2025] [php:error] [pid 8153] [client 127.0.0.1:47486] PHP Parse error:  syntax error, unexpected token "\\" in /var/www/html/upload.php on line 2
[Wed Jun 04 00:15:51.015816 2025] [php:error] [pid 8151] [client 127.0.0.1:47494] script '/var/www/html/admin.php' not found or unable to stat
[Wed Jun 04 00:15:51.084677 2025] [php:error] [pid 8150] [client 127.0.0.1:47530] script '/var/www/html/config.php' not found or unable to stat
[Wed Jun 04 00:15:51.118070 2025] [php:error] [pid 8152] [client 127.0.0.1:47550] script '/var/www/html/backup.php' not found or unable to stat
[Wed Jun 04 00:15:51.151573 2025] [php:error] [pid 8149] [client 127.0.0.1:47570] script '/var/www/html/test.php' not found or unable to stat
[Wed Jun 04 00:15:51.185294 2025] [php:error] [pid 8151] [client 127.0.0.1:47592] script '/var/www/html/secret.php' not found or unable to stat
[Wed Jun 04 00:15:51.219280 2025] [php:error] [pid 8153] [client 127.0.0.1:47608] script '/var/www/html/phpinfo.php' not found or unable to stat
[Wed Jun 04 00:15:51.253785 2025] [php:error] [pid 8150] [client 127.0.0.1:47628] script '/var/www/html/db.php' not found or unable to stat
[Wed Jun 04 00:15:51.290519 2025] [php:error] [pid 8152] [client 127.0.0.1:47654] script '/var/www/html/includes.php' not found or unable to stat
[Wed Jun 04 00:15:51.324137 2025] [php:error] [pid 8149] [client 127.0.0.1:47672] script '/var/www/html/uploads.php' not found or unable to stat
[Wed Jun 04 00:15:51.363097 2025] [php:error] [pid 8151] [client 127.0.0.1:47692] script '/var/www/html/wp-admin.php' not found or unable to stat
[Wed Jun 04 00:15:51.397851 2025] [php:error] [pid 8153] [client 127.0.0.1:47708] script '/var/www/html/manager.php' not found or unable to stat
[Wed Jun 04 00:15:51.431300 2025] [php:error] [pid 8150] [client 127.0.0.1:47716] script '/var/www/html/env.php' not found or unable to stat
[Wed Jun 04 00:15:51.465671 2025] [php:error] [pid 8152] [client 127.0.0.1:47734] script '/var/www/html/core.php' not found or unable to stat
[Wed Jun 04 00:15:51.501426 2025] [php:error] [pid 8149] [client 127.0.0.1:47752] script '/var/www/html/shell.php' not found or unable to stat
[Wed Jun 04 00:15:51.535469 2025] [php:error] [pid 8151] [client 127.0.0.1:47772] script '/var/www/html/data.php' not found or unable to stat
[Wed Jun 04 00:15:51.569132 2025] [php:error] [pid 8153] [client 127.0.0.1:47800] script '/var/www/html/images.php' not found or unable to stat
[Wed Jun 04 00:15:51.603150 2025] [php:error] [pid 8150] [client 127.0.0.1:47812] script '/var/www/html/hidden.php' not found or unable to stat
[Wed Jun 04 00:15:51.636717 2025] [php:error] [pid 8152] [client 127.0.0.1:47838] script '/var/www/html/index.php' not found or unable to stat
[Wed Jun 04 00:15:51.812044 2025] [php:error] [pid 8150] [client 127.0.0.1:47870] script '/var/www/html/config.php' not found or unable to stat
[Wed Jun 04 00:15:51.869457 2025] [php:error] [pid 8151] [client 127.0.0.1:47872] script '/var/www/html/admin.php' not found or unable to stat
[Wed Jun 04 00:15:51.927165 2025] [php:error] [pid 8152] [client 127.0.0.1:47878] PHP Parse error:  syntax error, unexpected token "\\" in /var/www/html/upload.php on line 2
[Wed Jun 04 00:15:52.997890 2025] [php:error] [pid 8153] [client 127.0.0.1:47892] PHP Parse error:  syntax error, unexpected token "\\" in /var/www/html/upload.php on line 2
[Wed Jun 04 00:15:54.007976 2025] [php:error] [pid 8149] [client 127.0.0.1:47896] script '/var/www/html/uploads/y738293.php' not found or unable to stat
[Wed Jun 04 00:25:35.506484 2025] [php:error] [pid 8151] [client 127.0.0.1:37276] PHP Parse error:  syntax error, unexpected token "\\" in /var/www/html/upload.php on line 2
[Wed Jun 04 00:25:35.534799 2025] [php:error] [pid 8152] [client 127.0.0.1:37292] PHP Parse error:  syntax error, unexpected token "\\" in /var/www/html/upload.php on line 2
[Wed Jun 04 00:25:35.567109 2025] [php:error] [pid 8153] [client 127.0.0.1:37306] script '/var/www/html/home.php' not found or unable to stat
[Wed Jun 04 00:25:35.596046 2025] [php:error] [pid 8149] [client 127.0.0.1:37316] script '/var/www/html/contact.php' not found or unable to stat
[Wed Jun 04 00:25:35.736312 2025] [php:error] [pid 8149] [client 127.0.0.1:37372] script '/var/www/html/contact.php' not found or unable to stat
[Wed Jun 04 00:25:35.765000 2025] [php:error] [pid 8150] [client 127.0.0.1:37376] script '/var/www/html/home.php' not found or unable to stat
[Wed Jun 04 00:25:35.820265 2025] [php:error] [pid 8152] [client 127.0.0.1:37398] script '/var/www/html/contact.php' not found or unable to stat
[Wed Jun 04 00:25:35.930562 2025] [php:error] [pid 8151] [client 127.0.0.1:37428] PHP Parse error:  syntax error, unexpected token "\\" in /var/www/html/upload.php on line 2
[Wed Jun 04 00:25:35.960036 2025] [php:error] [pid 8152] [client 127.0.0.1:37438] PHP Parse error:  syntax error, unexpected token "\\" in /var/www/html/upload.php on line 2
[Wed Jun 04 00:25:35.987961 2025] [php:error] [pid 8153] [client 127.0.0.1:37440] script '/var/www/html/home.php' not found or unable to stat
[Wed Jun 04 00:25:36.016621 2025] [php:error] [pid 8149] [client 127.0.0.1:37456] PHP Parse error:  syntax error, unexpected token "\\" in /var/www/html/upload.php on line 2
[Wed Jun 04 00:25:36.045015 2025] [php:error] [pid 8150] [client 127.0.0.1:37468] script '/var/www/html/contact.php' not found or unable to stat
[Wed Jun 04 00:25:36.073609 2025] [php:error] [pid 8151] [client 127.0.0.1:37484] script '/var/www/html/contact.php' not found or unable to stat
[Wed Jun 04 00:25:36.130577 2025] [php:error] [pid 8153] [client 127.0.0.1:37502] script '/var/www/html/contact.php' not found or unable to stat
[Wed Jun 04 00:25:36.158539 2025] [php:error] [pid 8149] [client 127.0.0.1:37518] script '/var/www/html/contact.php' not found or unable to stat
[Wed Jun 04 00:25:36.215982 2025] [php:error] [pid 8151] [client 127.0.0.1:37550] script '/var/www/html/contact.php' not found or unable to stat
[Wed Jun 04 00:25:36.271960 2025] [php:error] [pid 8153] [client 127.0.0.1:37564] script '/var/www/html/contact.php' not found or unable to stat
[Wed Jun 04 00:25:36.439808 2025] [php:error] [pid 8149] [client 127.0.0.1:37630] PHP Parse error:  syntax error, unexpected token "\\" in /var/www/html/upload.php on line 2
[Wed Jun 04 00:25:36.469496 2025] [php:error] [pid 8150] [client 127.0.0.1:37632] PHP Parse error:  syntax error, unexpected token "\\" in /var/www/html/upload.php on line 2
[Wed Jun 04 00:25:36.643952 2025] [php:error] [pid 8151] [client 127.0.0.1:37692] script '/var/www/html/home.php' not found or unable to stat
[Wed Jun 04 00:25:36.671953 2025] [php:error] [pid 8152] [client 127.0.0.1:37700] PHP Parse error:  syntax error, unexpected token "\\" in /var/www/html/upload.php on line 2
[Wed Jun 04 00:25:36.700085 2025] [php:error] [pid 8153] [client 127.0.0.1:37716] PHP Parse error:  syntax error, unexpected token "\\" in /var/www/html/upload.php on line 2
[Wed Jun 04 00:25:36.784974 2025] [php:error] [pid 8151] [client 127.0.0.1:37756] script '/var/www/html/home.php' not found or unable to stat
[Wed Jun 04 00:25:36.895225 2025] [php:error] [pid 8150] [client 127.0.0.1:37794] PHP Parse error:  syntax error, unexpected token "\\" in /var/www/html/upload.php on line 2
[Wed Jun 04 00:25:36.978800 2025] [php:error] [pid 8153] [client 127.0.0.1:37816] PHP Parse error:  syntax error, unexpected token "\\" in /var/www/html/upload.php on line 2
[Wed Jun 04 00:25:37.006003 2025] [php:error] [pid 8149] [client 127.0.0.1:37828] script '/var/www/html/home.php' not found or unable to stat
[Wed Jun 04 00:25:37.090049 2025] [php:error] [pid 8152] [client 127.0.0.1:37862] PHP Parse error:  syntax error, unexpected token "\\" in /var/www/html/upload.php on line 2
[Wed Jun 04 00:25:37.144680 2025] [php:error] [pid 8149] [client 127.0.0.1:37880] PHP Parse error:  syntax error, unexpected token "\\" in /var/www/html/upload.php on line 2
[Wed Jun 04 00:25:37.227155 2025] [php:error] [pid 8152] [client 127.0.0.1:37900] PHP Parse error:  syntax error, unexpected token "\\" in /var/www/html/upload.php on line 2
[Wed Jun 04 00:25:37.362032 2025] [php:error] [pid 8152] [client 127.0.0.1:37944] PHP Parse error:  syntax error, unexpected token "\\" in /var/www/html/upload.php on line 2
[Wed Jun 04 00:25:37.417997 2025] [php:error] [pid 8149] [client 127.0.0.1:37958] PHP Parse error:  syntax error, unexpected token "\\" in /var/www/html/upload.php on line 2
[Wed Jun 04 00:25:37.473989 2025] [php:error] [pid 8151] [client 127.0.0.1:37978] PHP Parse error:  syntax error, unexpected token "\\" in /var/www/html/upload.php on line 2
[Wed Jun 04 00:25:37.528294 2025] [php:error] [pid 8153] [client 127.0.0.1:37992] script '/var/www/html/home.php' not found or unable to stat
[Wed Jun 04 00:25:37.554617 2025] [php:error] [pid 8149] [client 127.0.0.1:37994] script '/var/www/html/home.php' not found or unable to stat
[Wed Jun 04 00:25:37.608933 2025] [php:error] [pid 8151] [client 127.0.0.1:38000] script '/var/www/html/contact.php' not found or unable to stat
[Wed Jun 04 00:25:37.718517 2025] [php:error] [pid 8150] [client 127.0.0.1:38010] script '/var/www/html/contact.php' not found or unable to stat
[Wed Jun 04 00:25:37.745031 2025] [php:error] [pid 8151] [client 127.0.0.1:38016] script '/var/www/html/home.php' not found or unable to stat
[Wed Jun 04 00:25:37.828595 2025] [php:error] [pid 8149] [client 127.0.0.1:38034] script '/var/www/html/home.php' not found or unable to stat
[Wed Jun 04 00:25:37.856460 2025] [php:error] [pid 8150] [client 127.0.0.1:38042] script '/var/www/html/home.php' not found or unable to stat
[Wed Jun 04 00:25:37.939291 2025] [php:error] [pid 8153] [client 127.0.0.1:38062] script '/var/www/html/contact.php' not found or unable to stat
[Wed Jun 04 00:25:37.995416 2025] [php:error] [pid 8150] [client 127.0.0.1:38084] script '/var/www/html/contact.php' not found or unable to stat
[Wed Jun 04 00:25:38.025339 2025] [php:error] [pid 8151] [client 127.0.0.1:38098] script '/var/www/html/contact.php' not found or unable to stat
[Wed Jun 04 00:25:38.051554 2025] [php:error] [pid 8152] [client 127.0.0.1:38112] script '/var/www/html/home.php' not found or unable to stat
[Wed Jun 04 00:25:38.104625 2025] [php:error] [pid 8149] [client 127.0.0.1:38118] script '/var/www/html/contact.php' not found or unable to stat
[Wed Jun 04 00:25:38.133017 2025] [php:error] [pid 8150] [client 127.0.0.1:38128] PHP Parse error:  syntax error, unexpected token "\\" in /var/www/html/upload.php on line 2
[Wed Jun 04 00:25:38.160919 2025] [php:error] [pid 8151] [client 127.0.0.1:38134] PHP Parse error:  syntax error, unexpected token "\\" in /var/www/html/upload.php on line 2
[Wed Jun 04 00:25:38.268622 2025] [php:error] [pid 8150] [client 127.0.0.1:38172] PHP Parse error:  syntax error, unexpected token "\\" in /var/www/html/upload.php on line 2
[Wed Jun 04 00:25:38.324368 2025] [php:error] [pid 8152] [client 127.0.0.1:38188] PHP Parse error:  syntax error, unexpected token "\\" in /var/www/html/upload.php on line 2
[Wed Jun 04 00:25:38.351410 2025] [php:error] [pid 8153] [client 127.0.0.1:38190] PHP Parse error:  syntax error, unexpected token "\\" in /var/www/html/upload.php on line 2
[Wed Jun 04 00:25:38.377672 2025] [php:error] [pid 8149] [client 127.0.0.1:38202] script '/var/www/html/contact.php' not found or unable to stat
[Wed Jun 04 00:25:38.460715 2025] [php:error] [pid 8152] [client 127.0.0.1:38234] script '/var/www/html/home.php' not found or unable to stat
[Wed Jun 04 00:25:38.540138 2025] [php:error] [pid 8150] [client 127.0.0.1:38258] script '/var/www/html/home.php' not found or unable to stat
[Wed Jun 04 00:25:38.627472 2025] [php:error] [pid 8153] [client 127.0.0.1:38292] script '/var/www/html/contact.php' not found or unable to stat
[Wed Jun 04 00:25:38.656083 2025] [php:error] [pid 8149] [client 127.0.0.1:38296] script '/var/www/html/home.php' not found or unable to stat
[Wed Jun 04 00:25:38.743187 2025] [php:error] [pid 8152] [client 127.0.0.1:38326] script '/var/www/html/contact.php' not found or unable to stat
[Wed Jun 04 00:25:38.884300 2025] [php:error] [pid 8152] [client 127.0.0.1:38362] PHP Parse error:  syntax error, unexpected token "\\" in /var/www/html/upload.php on line 2
[Wed Jun 04 00:25:38.912481 2025] [php:error] [pid 8153] [client 127.0.0.1:38370] script '/var/www/html/home.php' not found or unable to stat
[Wed Jun 04 00:25:38.941011 2025] [php:error] [pid 8149] [client 127.0.0.1:38386] PHP Parse error:  syntax error, unexpected token "\\" in /var/www/html/upload.php on line 2
[Wed Jun 04 00:25:38.969052 2025] [php:error] [pid 8150] [client 127.0.0.1:38390] PHP Parse error:  syntax error, unexpected token "\\" in /var/www/html/upload.php on line 2
[Wed Jun 04 00:25:38.996316 2025] [php:error] [pid 8151] [client 127.0.0.1:38400] script '/var/www/html/contact.php' not found or unable to stat
[Wed Jun 04 00:25:39.023929 2025] [php:error] [pid 8152] [client 127.0.0.1:38408] script '/var/www/html/contact.php' not found or unable to stat
[Wed Jun 04 00:25:39.051308 2025] [php:error] [pid 8153] [client 127.0.0.1:38424] script '/var/www/html/home.php' not found or unable to stat
[Wed Jun 04 00:25:39.078370 2025] [php:error] [pid 8149] [client 127.0.0.1:38426] PHP Parse error:  syntax error, unexpected token "\\" in /var/www/html/upload.php on line 2
[Wed Jun 04 00:25:39.160300 2025] [php:error] [pid 8152] [client 127.0.0.1:38466] script '/var/www/html/contact.php' not found or unable to stat
[Wed Jun 04 00:25:39.187624 2025] [php:error] [pid 8153] [client 127.0.0.1:38480] PHP Parse error:  syntax error, unexpected token "\\" in /var/www/html/upload.php on line 2
[Wed Jun 04 00:25:39.242839 2025] [php:error] [pid 8150] [client 127.0.0.1:51888] script '/var/www/html/home.php' not found or unable to stat
[Wed Jun 04 00:25:39.295645 2025] [php:error] [pid 8152] [client 127.0.0.1:51892] script '/var/www/html/home.php' not found or unable to stat
[Wed Jun 04 00:25:39.351586 2025] [php:error] [pid 8149] [client 127.0.0.1:51916] script '/var/www/html/contact.php' not found or unable to stat
[Wed Jun 04 00:25:39.380054 2025] [php:error] [pid 8150] [client 127.0.0.1:51932] script '/var/www/html/home.php' not found or unable to stat
[Wed Jun 04 00:25:39.437021 2025] [php:error] [pid 8152] [client 127.0.0.1:51950] script '/var/www/html/contact.php' not found or unable to stat
[Wed Jun 04 00:25:39.465201 2025] [php:error] [pid 8153] [client 127.0.0.1:51956] script '/var/www/html/home.php' not found or unable to stat
[Wed Jun 04 00:25:39.557526 2025] [php:error] [pid 8151] [client 127.0.0.1:51976] script '/var/www/html/contact.php' not found or unable to stat
[Wed Jun 04 00:25:39.614604 2025] [php:error] [pid 8153] [client 127.0.0.1:51992] script '/var/www/html/home.php' not found or unable to stat
[Wed Jun 04 00:25:39.670536 2025] [php:error] [pid 8150] [client 127.0.0.1:51998] script '/var/www/html/contact.php' not found or unable to stat
[Wed Jun 04 00:25:39.699004 2025] [php:error] [pid 8151] [client 127.0.0.1:52010] script '/var/www/html/contact.php' not found or unable to stat
[Wed Jun 04 00:25:39.814433 2025] [php:error] [pid 8150] [client 127.0.0.1:52050] PHP Parse error:  syntax error, unexpected token "\\" in /var/www/html/upload.php on line 2
[Wed Jun 04 00:25:39.872458 2025] [php:error] [pid 8152] [client 127.0.0.1:52070] script '/var/www/html/contact.php' not found or unable to stat
[Wed Jun 04 00:25:39.901072 2025] [php:error] [pid 8153] [client 127.0.0.1:52086] script '/var/www/html/home.php' not found or unable to stat
[Wed Jun 04 00:25:39.928713 2025] [php:error] [pid 8149] [client 127.0.0.1:52102] script '/var/www/html/home.php' not found or unable to stat
[Wed Jun 04 00:25:40.021876 2025] [php:error] [pid 8152] [client 127.0.0.1:52140] script '/var/www/html/admin.php' not found or unable to stat
[Wed Jun 04 00:25:40.091956 2025] [php:error] [pid 8151] [client 127.0.0.1:52178] script '/var/www/html/config.php' not found or unable to stat
[Wed Jun 04 00:25:40.124776 2025] [php:error] [pid 8153] [client 127.0.0.1:52204] script '/var/www/html/backup.php' not found or unable to stat
[Wed Jun 04 00:25:40.157686 2025] [php:error] [pid 8150] [client 127.0.0.1:52228] script '/var/www/html/test.php' not found or unable to stat
[Wed Jun 04 00:25:40.194780 2025] [php:error] [pid 8152] [client 127.0.0.1:52234] script '/var/www/html/secret.php' not found or unable to stat
[Wed Jun 04 00:25:40.231658 2025] [php:error] [pid 8149] [client 127.0.0.1:52244] script '/var/www/html/phpinfo.php' not found or unable to stat
[Wed Jun 04 00:25:40.266711 2025] [php:error] [pid 8151] [client 127.0.0.1:52260] script '/var/www/html/db.php' not found or unable to stat
[Wed Jun 04 00:25:40.299795 2025] [php:error] [pid 8153] [client 127.0.0.1:52292] script '/var/www/html/includes.php' not found or unable to stat
[Wed Jun 04 00:25:40.333330 2025] [php:error] [pid 8150] [client 127.0.0.1:52320] script '/var/www/html/uploads.php' not found or unable to stat
[Wed Jun 04 00:25:40.367697 2025] [php:error] [pid 8152] [client 127.0.0.1:52338] script '/var/www/html/wp-admin.php' not found or unable to stat
[Wed Jun 04 00:25:40.401686 2025] [php:error] [pid 8149] [client 127.0.0.1:52352] script '/var/www/html/manager.php' not found or unable to stat
[Wed Jun 04 00:25:40.437097 2025] [php:error] [pid 8151] [client 127.0.0.1:52372] script '/var/www/html/env.php' not found or unable to stat
[Wed Jun 04 00:25:40.470665 2025] [php:error] [pid 8153] [client 127.0.0.1:52390] script '/var/www/html/core.php' not found or unable to stat
[Wed Jun 04 00:25:40.505894 2025] [php:error] [pid 8150] [client 127.0.0.1:52408] script '/var/www/html/shell.php' not found or unable to stat
[Wed Jun 04 00:25:40.538554 2025] [php:error] [pid 8152] [client 127.0.0.1:52424] script '/var/www/html/data.php' not found or unable to stat
[Wed Jun 04 00:25:40.574153 2025] [php:error] [pid 8149] [client 127.0.0.1:52444] script '/var/www/html/images.php' not found or unable to stat
[Wed Jun 04 00:25:40.610533 2025] [php:error] [pid 8151] [client 127.0.0.1:52460] script '/var/www/html/hidden.php' not found or unable to stat
[Wed Jun 04 00:25:40.648206 2025] [php:error] [pid 8153] [client 127.0.0.1:52470] script '/var/www/html/index.php' not found or unable to stat
[Wed Jun 04 00:25:40.826890 2025] [php:error] [pid 8151] [client 127.0.0.1:52500] script '/var/www/html/config.php' not found or unable to stat
[Wed Jun 04 00:25:40.885583 2025] [php:error] [pid 8152] [client 127.0.0.1:52504] script '/var/www/html/admin.php' not found or unable to stat
[Wed Jun 04 00:25:40.943231 2025] [php:error] [pid 8153] [client 127.0.0.1:52520] PHP Parse error:  syntax error, unexpected token "\\" in /var/www/html/upload.php on line 2
[Wed Jun 04 00:25:42.007558 2025] [php:error] [pid 8149] [client 127.0.0.1:52528] PHP Parse error:  syntax error, unexpected token "\\" in /var/www/html/upload.php on line 2
[Wed Jun 04 00:25:43.016065 2025] [php:error] [pid 8150] [client 127.0.0.1:52542] script '/var/www/html/uploads/y738293.php' not found or unable to stat
[Wed Jun 04 01:08:00.707789 2025] [php:error] [pid 8151] [client 127.0.0.1:57208] script '/var/www/html/home.php' not found or unable to stat
[Wed Jun 04 01:08:00.824848 2025] [php:error] [pid 8149] [client 127.0.0.1:57218] script '/var/www/html/home.php' not found or unable to stat
[Wed Jun 04 01:08:00.870788 2025] [php:error] [pid 8151] [client 127.0.0.1:57244] script '/var/www/html/contact.php' not found or unable to stat
[Wed Jun 04 01:08:00.909803 2025] [php:error] [pid 8153] [client 127.0.0.1:57248] script '/var/www/html/contact.php' not found or unable to stat
[Wed Jun 04 01:08:00.930050 2025] [php:error] [pid 8149] [client 127.0.0.1:57254] script '/var/www/html/home.php' not found or unable to stat
[Wed Jun 04 01:08:00.967791 2025] [php:error] [pid 8151] [client 127.0.0.1:57280] script '/var/www/html/products.php' not found or unable to stat
[Wed Jun 04 01:08:01.007693 2025] [php:error] [pid 8153] [client 127.0.0.1:57308] script '/var/www/html/home.php' not found or unable to stat
[Wed Jun 04 01:08:01.079802 2025] [php:error] [pid 8151] [client 127.0.0.1:57328] script '/var/www/html/products.php' not found or unable to stat
[Wed Jun 04 01:08:01.114638 2025] [php:error] [pid 8153] [client 127.0.0.1:57348] script '/var/www/html/contact.php' not found or unable to stat
[Wed Jun 04 01:08:01.141306 2025] [php:error] [pid 8149] [client 127.0.0.1:57352] PHP Parse error:  syntax error, unexpected token "\\" in /var/www/html/upload.php on line 2
[Wed Jun 04 01:08:01.161395 2025] [php:error] [pid 8150] [client 127.0.0.1:57364] PHP Parse error:  syntax error, unexpected token "\\" in /var/www/html/upload.php on line 2
[Wed Jun 04 01:08:01.179032 2025] [php:error] [pid 8151] [client 127.0.0.1:57380] script '/var/www/html/products.php' not found or unable to stat
[Wed Jun 04 01:08:01.200042 2025] [php:error] [pid 8152] [client 127.0.0.1:57396] script '/var/www/html/products.php' not found or unable to stat
[Wed Jun 04 01:08:01.241616 2025] [php:error] [pid 8149] [client 127.0.0.1:57410] script '/var/www/html/contact.php' not found or unable to stat
[Wed Jun 04 01:08:01.258592 2025] [php:error] [pid 8150] [client 127.0.0.1:57420] script '/var/www/html/products.php' not found or unable to stat
[Wed Jun 04 01:08:01.286218 2025] [php:error] [pid 8151] [client 127.0.0.1:57432] PHP Parse error:  syntax error, unexpected token "\\" in /var/www/html/upload.php on line 2
[Wed Jun 04 01:08:01.343124 2025] [php:error] [pid 8149] [client 127.0.0.1:57442] script '/var/www/html/home.php' not found or unable to stat
[Wed Jun 04 01:08:01.361590 2025] [php:error] [pid 8150] [client 127.0.0.1:57452] script '/var/www/html/products.php' not found or unable to stat
[Wed Jun 04 01:08:01.455619 2025] [php:error] [pid 8150] [client 127.0.0.1:57486] script '/var/www/html/contact.php' not found or unable to stat
[Wed Jun 04 01:08:01.557434 2025] [php:error] [pid 8151] [client 127.0.0.1:57566] script '/var/www/html/contact.php' not found or unable to stat
[Wed Jun 04 01:08:01.629567 2025] [php:error] [pid 8150] [client 127.0.0.1:57602] script '/var/www/html/products.php' not found or unable to stat
[Wed Jun 04 01:08:01.663276 2025] [php:error] [pid 8152] [client 127.0.0.1:57626] script '/var/www/html/contact.php' not found or unable to stat
[Wed Jun 04 01:08:01.682112 2025] [php:error] [pid 8153] [client 127.0.0.1:57632] script '/var/www/html/home.php' not found or unable to stat
[Wed Jun 04 01:08:01.699368 2025] [php:error] [pid 8149] [client 127.0.0.1:57636] script '/var/www/html/home.php' not found or unable to stat
[Wed Jun 04 01:08:01.718114 2025] [php:error] [pid 8150] [client 127.0.0.1:57644] PHP Parse error:  syntax error, unexpected token "\\" in /var/www/html/upload.php on line 2
[Wed Jun 04 01:08:01.771614 2025] [php:error] [pid 8153] [client 127.0.0.1:57672] script '/var/www/html/products.php' not found or unable to stat
[Wed Jun 04 01:08:01.855855 2025] [php:error] [pid 8153] [client 127.0.0.1:57708] script '/var/www/html/home.php' not found or unable to stat
[Wed Jun 04 01:08:01.928211 2025] [php:error] [pid 8152] [client 127.0.0.1:57736] script '/var/www/html/products.php' not found or unable to stat
[Wed Jun 04 01:08:01.961295 2025] [php:error] [pid 8149] [client 127.0.0.1:57742] script '/var/www/html/contact.php' not found or unable to stat
[Wed Jun 04 01:08:01.978158 2025] [php:error] [pid 8150] [client 127.0.0.1:57752] script '/var/www/html/products.php' not found or unable to stat
[Wed Jun 04 01:08:01.995062 2025] [php:error] [pid 8151] [client 127.0.0.1:57764] script '/var/www/html/products.php' not found or unable to stat
[Wed Jun 04 01:08:02.030224 2025] [php:error] [pid 8153] [client 127.0.0.1:57780] script '/var/www/html/products.php' not found or unable to stat
[Wed Jun 04 01:08:02.064969 2025] [php:error] [pid 8150] [client 127.0.0.1:57804] script '/var/www/html/products.php' not found or unable to stat
[Wed Jun 04 01:08:02.082089 2025] [php:error] [pid 8151] [client 127.0.0.1:57810] script '/var/www/html/products.php' not found or unable to stat
[Wed Jun 04 01:08:02.135137 2025] [php:error] [pid 8149] [client 127.0.0.1:57838] script '/var/www/html/products.php' not found or unable to stat
[Wed Jun 04 01:08:02.187628 2025] [php:error] [pid 8152] [client 127.0.0.1:57866] script '/var/www/html/products.php' not found or unable to stat
[Wed Jun 04 01:08:02.204832 2025] [php:error] [pid 8153] [client 127.0.0.1:57874] PHP Parse error:  syntax error, unexpected token "\\" in /var/www/html/upload.php on line 2
[Wed Jun 04 01:08:02.240207 2025] [php:error] [pid 8150] [client 127.0.0.1:57878] script '/var/www/html/products.php' not found or unable to stat
[Wed Jun 04 01:08:02.258794 2025] [php:error] [pid 8151] [client 127.0.0.1:57888] script '/var/www/html/home.php' not found or unable to stat
[Wed Jun 04 01:08:02.293239 2025] [php:error] [pid 8153] [client 127.0.0.1:57904] script '/var/www/html/home.php' not found or unable to stat
[Wed Jun 04 01:08:02.310538 2025] [php:error] [pid 8149] [client 127.0.0.1:57912] script '/var/www/html/contact.php' not found or unable to stat
[Wed Jun 04 01:08:02.328877 2025] [php:error] [pid 8150] [client 127.0.0.1:57924] PHP Parse error:  syntax error, unexpected token "\\" in /var/www/html/upload.php on line 2
[Wed Jun 04 01:08:02.345892 2025] [php:error] [pid 8151] [client 127.0.0.1:57934] script '/var/www/html/contact.php' not found or unable to stat
[Wed Jun 04 01:08:02.398996 2025] [php:error] [pid 8149] [client 127.0.0.1:57964] script '/var/www/html/products.php' not found or unable to stat
[Wed Jun 04 01:08:02.417815 2025] [php:error] [pid 8150] [client 127.0.0.1:57970] script '/var/www/html/products.php' not found or unable to stat
[Wed Jun 04 01:08:02.454586 2025] [php:error] [pid 8152] [client 127.0.0.1:57976] script '/var/www/html/home.php' not found or unable to stat
[Wed Jun 04 01:08:02.573560 2025] [php:error] [pid 8153] [client 127.0.0.1:58022] script '/var/www/html/contact.php' not found or unable to stat
[Wed Jun 04 01:08:02.592908 2025] [php:error] [pid 8149] [client 127.0.0.1:58036] script '/var/www/html/products.php' not found or unable to stat
[Wed Jun 04 01:08:02.633107 2025] [php:error] [pid 8151] [client 127.0.0.1:58058] script '/var/www/html/products.php' not found or unable to stat
[Wed Jun 04 01:08:02.683052 2025] [php:error] [pid 8149] [client 127.0.0.1:58076] script '/var/www/html/contact.php' not found or unable to stat
[Wed Jun 04 01:08:02.701640 2025] [php:error] [pid 8150] [client 127.0.0.1:58092] PHP Parse error:  syntax error, unexpected token "\\" in /var/www/html/upload.php on line 2
[Wed Jun 04 01:08:02.718381 2025] [php:error] [pid 8151] [client 127.0.0.1:58108] script '/var/www/html/home.php' not found or unable to stat
[Wed Jun 04 01:08:02.752084 2025] [php:error] [pid 8153] [client 127.0.0.1:58116] script '/var/www/html/contact.php' not found or unable to stat
[Wed Jun 04 01:08:02.768178 2025] [php:error] [pid 8149] [client 127.0.0.1:58132] script '/var/www/html/products.php' not found or unable to stat
[Wed Jun 04 01:08:02.784627 2025] [php:error] [pid 8150] [client 127.0.0.1:58138] script '/var/www/html/products.php' not found or unable to stat
[Wed Jun 04 01:08:02.818237 2025] [php:error] [pid 8152] [client 127.0.0.1:58152] PHP Parse error:  syntax error, unexpected token "\\" in /var/www/html/upload.php on line 2
[Wed Jun 04 01:08:02.834817 2025] [php:error] [pid 8153] [client 127.0.0.1:58168] script '/var/www/html/products.php' not found or unable to stat
[Wed Jun 04 01:08:02.850797 2025] [php:error] [pid 8149] [client 127.0.0.1:58182] script '/var/www/html/products.php' not found or unable to stat
[Wed Jun 04 01:08:02.883277 2025] [php:error] [pid 8151] [client 127.0.0.1:58190] script '/var/www/html/contact.php' not found or unable to stat
[Wed Jun 04 01:08:02.900877 2025] [php:error] [pid 8152] [client 127.0.0.1:58194] script '/var/www/html/products.php' not found or unable to stat
[Wed Jun 04 01:08:02.936665 2025] [php:error] [pid 8149] [client 127.0.0.1:58214] script '/var/www/html/home.php' not found or unable to stat
[Wed Jun 04 01:08:03.022014 2025] [php:error] [pid 8149] [client 127.0.0.1:58256] PHP Parse error:  syntax error, unexpected token "\\" in /var/www/html/upload.php on line 2
[Wed Jun 04 01:08:03.038101 2025] [php:error] [pid 8150] [client 127.0.0.1:58270] script '/var/www/html/contact.php' not found or unable to stat
[Wed Jun 04 01:08:03.054296 2025] [php:error] [pid 8151] [client 127.0.0.1:58286] script '/var/www/html/contact.php' not found or unable to stat
[Wed Jun 04 01:08:03.120501 2025] [php:error] [pid 8150] [client 127.0.0.1:58314] script '/var/www/html/contact.php' not found or unable to stat
[Wed Jun 04 01:08:03.137365 2025] [php:error] [pid 8151] [client 127.0.0.1:58316] script '/var/www/html/products.php' not found or unable to stat
[Wed Jun 04 01:08:03.170111 2025] [php:error] [pid 8153] [client 127.0.0.1:58330] script '/var/www/html/contact.php' not found or unable to stat
[Wed Jun 04 01:08:03.187072 2025] [php:error] [pid 8149] [client 127.0.0.1:58340] script '/var/www/html/contact.php' not found or unable to stat
[Wed Jun 04 01:08:03.221344 2025] [php:error] [pid 8151] [client 127.0.0.1:58366] script '/var/www/html/home.php' not found or unable to stat
[Wed Jun 04 01:08:03.238508 2025] [php:error] [pid 8152] [client 127.0.0.1:58376] script '/var/www/html/contact.php' not found or unable to stat
[Wed Jun 04 01:08:03.255201 2025] [php:error] [pid 8153] [client 127.0.0.1:58392] script '/var/www/html/home.php' not found or unable to stat
[Wed Jun 04 01:08:03.288544 2025] [php:error] [pid 8150] [client 127.0.0.1:58400] PHP Parse error:  syntax error, unexpected token "\\" in /var/www/html/upload.php on line 2
[Wed Jun 04 01:08:03.338569 2025] [php:error] [pid 8153] [client 127.0.0.1:58422] script '/var/www/html/contact.php' not found or unable to stat
[Wed Jun 04 01:08:03.407804 2025] [php:error] [pid 8152] [client 127.0.0.1:58448] script '/var/www/html/contact.php' not found or unable to stat
[Wed Jun 04 01:08:03.440865 2025] [php:error] [pid 8149] [client 127.0.0.1:58470] script '/var/www/html/products.php' not found or unable to stat
[Wed Jun 04 01:08:03.462004 2025] [php:error] [pid 8150] [client 127.0.0.1:58484] script '/var/www/html/contact.php' not found or unable to stat
[Wed Jun 04 01:08:03.495814 2025] [php:error] [pid 8152] [client 127.0.0.1:58496] PHP Parse error:  syntax error, unexpected token "\\" in /var/www/html/upload.php on line 2
[Wed Jun 04 01:08:03.512224 2025] [php:error] [pid 8153] [client 127.0.0.1:58512] script '/var/www/html/contact.php' not found or unable to stat
[Wed Jun 04 01:08:03.547720 2025] [php:error] [pid 8150] [client 127.0.0.1:58520] PHP Parse error:  syntax error, unexpected token "\\" in /var/www/html/upload.php on line 2
[Wed Jun 04 01:08:03.564561 2025] [php:error] [pid 8151] [client 127.0.0.1:58528] script '/var/www/html/products.php' not found or unable to stat
[Wed Jun 04 01:08:03.619829 2025] [php:error] [pid 8149] [client 127.0.0.1:58566] script '/var/www/html/contact.php' not found or unable to stat
[Wed Jun 04 01:08:03.636793 2025] [php:error] [pid 8150] [client 127.0.0.1:58580] script '/var/www/html/contact.php' not found or unable to stat
[Wed Jun 04 01:08:03.705229 2025] [php:error] [pid 8149] [client 127.0.0.1:58624] PHP Parse error:  syntax error, unexpected token "\\" in /var/www/html/upload.php on line 2
[Wed Jun 04 01:08:03.757750 2025] [php:error] [pid 8152] [client 127.0.0.1:58660] script '/var/www/html/products.php' not found or unable to stat
[Wed Jun 04 01:08:03.807457 2025] [php:error] [pid 8150] [client 127.0.0.1:58690] script '/var/www/html/home.php' not found or unable to stat
[Wed Jun 04 01:08:03.824217 2025] [php:error] [pid 8151] [client 127.0.0.1:58702] PHP Parse error:  syntax error, unexpected token "\\" in /var/www/html/upload.php on line 2
[Wed Jun 04 01:08:03.875567 2025] [php:error] [pid 8149] [client 127.0.0.1:58720] script '/var/www/html/products.php' not found or unable to stat
[Wed Jun 04 01:08:03.908218 2025] [php:error] [pid 8151] [client 127.0.0.1:58744] script '/var/www/html/contact.php' not found or unable to stat
[Wed Jun 04 01:08:03.925133 2025] [php:error] [pid 8152] [client 127.0.0.1:58746] PHP Parse error:  syntax error, unexpected token "\\" in /var/www/html/upload.php on line 2
[Wed Jun 04 01:08:03.956854 2025] [php:error] [pid 8149] [client 127.0.0.1:58768] script '/var/www/html/contact.php' not found or unable to stat
[Wed Jun 04 01:08:03.973528 2025] [php:error] [pid 8150] [client 127.0.0.1:58780] script '/var/www/html/contact.php' not found or unable to stat
[Wed Jun 04 01:08:04.054033 2025] [php:error] [pid 8150] [client 127.0.0.1:58844] script '/var/www/html/home.php' not found or unable to stat
[Wed Jun 04 01:08:04.072082 2025] [php:error] [pid 8151] [client 127.0.0.1:58846] script '/var/www/html/home.php' not found or unable to stat
[Wed Jun 04 01:08:04.106129 2025] [php:error] [pid 8153] [client 127.0.0.1:58860] script '/var/www/html/contact.php' not found or unable to stat
[Wed Jun 04 01:08:04.162057 2025] [php:error] [pid 8151] [client 127.0.0.1:58900] script '/var/www/html/contact.php' not found or unable to stat
[Wed Jun 04 01:08:04.197476 2025] [php:error] [pid 8153] [client 127.0.0.1:58910] PHP Parse error:  syntax error, unexpected token "\\" in /var/www/html/upload.php on line 2
[Wed Jun 04 01:08:04.213533 2025] [php:error] [pid 8149] [client 127.0.0.1:58924] script '/var/www/html/contact.php' not found or unable to stat
[Wed Jun 04 01:08:04.232353 2025] [php:error] [pid 8150] [client 127.0.0.1:58936] PHP Parse error:  syntax error, unexpected token "\\" in /var/www/html/upload.php on line 2
[Wed Jun 04 01:08:04.266834 2025] [php:error] [pid 8152] [client 127.0.0.1:58956] script '/var/www/html/home.php' not found or unable to stat
[Wed Jun 04 01:08:04.352933 2025] [php:error] [pid 8152] [client 127.0.0.1:58990] script '/var/www/html/contact.php' not found or unable to stat
[Wed Jun 04 01:08:04.370147 2025] [php:error] [pid 8153] [client 127.0.0.1:59006] script '/var/www/html/products.php' not found or unable to stat
[Wed Jun 04 01:08:04.389019 2025] [php:error] [pid 8149] [client 127.0.0.1:59014] PHP Parse error:  syntax error, unexpected token "\\" in /var/www/html/upload.php on line 2
[Wed Jun 04 01:08:04.444351 2025] [php:error] [pid 8152] [client 127.0.0.1:59040] PHP Parse error:  syntax error, unexpected token "\\" in /var/www/html/upload.php on line 2
[Wed Jun 04 01:08:04.464693 2025] [php:error] [pid 8153] [client 127.0.0.1:59044] script '/var/www/html/home.php' not found or unable to stat
[Wed Jun 04 01:08:04.534041 2025] [php:error] [pid 8152] [client 127.0.0.1:59084] script '/var/www/html/contact.php' not found or unable to stat
[Wed Jun 04 01:08:04.551823 2025] [php:error] [pid 8153] [client 127.0.0.1:59098] script '/var/www/html/contact.php' not found or unable to stat
[Wed Jun 04 01:08:04.567929 2025] [php:error] [pid 8149] [client 127.0.0.1:59106] script '/var/www/html/contact.php' not found or unable to stat
[Wed Jun 04 01:08:04.584061 2025] [php:error] [pid 8150] [client 127.0.0.1:59112] script '/var/www/html/products.php' not found or unable to stat
[Wed Jun 04 01:08:04.601515 2025] [php:error] [pid 8151] [client 127.0.0.1:59126] script '/var/www/html/home.php' not found or unable to stat
[Wed Jun 04 01:08:04.640862 2025] [php:error] [pid 8153] [client 127.0.0.1:59136] script '/var/www/html/home.php' not found or unable to stat
[Wed Jun 04 01:08:04.750705 2025] [php:error] [pid 8149] [client 127.0.0.1:59206] PHP Parse error:  syntax error, unexpected token "\\" in /var/www/html/upload.php on line 2
[Wed Jun 04 01:08:04.800125 2025] [php:error] [pid 8152] [client 127.0.0.1:59230] script '/var/www/html/products.php' not found or unable to stat
[Wed Jun 04 01:08:04.823818 2025] [php:error] [pid 8153] [client 127.0.0.1:59246] script '/var/www/html/home.php' not found or unable to stat
[Wed Jun 04 01:08:04.840439 2025] [php:error] [pid 8149] [client 127.0.0.1:59256] script '/var/www/html/contact.php' not found or unable to stat
[Wed Jun 04 01:08:04.973930 2025] [php:error] [pid 8152] [client 127.0.0.1:59322] script '/var/www/html/home.php' not found or unable to stat
[Wed Jun 04 01:08:04.990387 2025] [php:error] [pid 8153] [client 127.0.0.1:59332] script '/var/www/html/home.php' not found or unable to stat
[Wed Jun 04 01:08:05.090473 2025] [php:error] [pid 8149] [client 127.0.0.1:59376] script '/var/www/html/contact.php' not found or unable to stat
[Wed Jun 04 01:08:05.126453 2025] [php:error] [pid 8151] [client 127.0.0.1:59390] script '/var/www/html/home.php' not found or unable to stat
[Wed Jun 04 01:08:05.143339 2025] [php:error] [pid 8152] [client 127.0.0.1:59394] script '/var/www/html/products.php' not found or unable to stat
[Wed Jun 04 01:08:05.163366 2025] [php:error] [pid 8153] [client 127.0.0.1:59402] PHP Parse error:  syntax error, unexpected token "\\" in /var/www/html/upload.php on line 2
[Wed Jun 04 01:08:05.181497 2025] [php:error] [pid 8149] [client 127.0.0.1:59404] script '/var/www/html/contact.php' not found or unable to stat
[Wed Jun 04 01:08:05.198058 2025] [php:error] [pid 8150] [client 127.0.0.1:59410] script '/var/www/html/products.php' not found or unable to stat
[Wed Jun 04 01:08:05.214324 2025] [php:error] [pid 8151] [client 127.0.0.1:59426] script '/var/www/html/products.php' not found or unable to stat
[Wed Jun 04 01:08:05.235475 2025] [php:error] [pid 8152] [client 127.0.0.1:59436] script '/var/www/html/contact.php' not found or unable to stat
[Wed Jun 04 01:08:05.251954 2025] [php:error] [pid 8153] [client 127.0.0.1:59452] script '/var/www/html/contact.php' not found or unable to stat
[Wed Jun 04 01:08:05.284626 2025] [php:error] [pid 8150] [client 127.0.0.1:59468] script '/var/www/html/products.php' not found or unable to stat
[Wed Jun 04 01:08:05.338048 2025] [php:error] [pid 8153] [client 127.0.0.1:59494] script '/var/www/html/home.php' not found or unable to stat
[Wed Jun 04 01:08:05.372984 2025] [php:error] [pid 8150] [client 127.0.0.1:59516] script '/var/www/html/products.php' not found or unable to stat
