[Wed Jun 04 01:08:05.496981 2025] [php:error] [pid 8152] [client 127.0.0.1:59574] script '/var/www/html/products.php' not found or unable to stat
[Wed Jun 04 01:08:05.515380 2025] [php:error] [pid 8153] [client 127.0.0.1:59584] script '/var/www/html/home.php' not found or unable to stat
[Wed Jun 04 01:08:05.550003 2025] [php:error] [pid 8150] [client 127.0.0.1:59596] script '/var/www/html/home.php' not found or unable to stat
[Wed Jun 04 01:08:05.659082 2025] [php:error] [pid 8151] [client 127.0.0.1:59636] PHP Parse error:  syntax error, unexpected token "\\" in /var/www/html/upload.php on line 2
[Wed Jun 04 01:08:05.711319 2025] [php:error] [pid 8149] [client 127.0.0.1:59654] PHP Parse error:  syntax error, unexpected token "\\" in /var/www/html/upload.php on line 2
[Wed Jun 04 01:08:05.745136 2025] [php:error] [pid 8151] [client 127.0.0.1:59674] script '/var/www/html/products.php' not found or unable to stat
[Wed Jun 04 01:08:05.762325 2025] [php:error] [pid 8152] [client 127.0.0.1:59676] script '/var/www/html/products.php' not found or unable to stat
[Wed Jun 04 01:08:05.779779 2025] [php:error] [pid 8153] [client 127.0.0.1:59686] PHP Parse error:  syntax error, unexpected token "\\" in /var/www/html/upload.php on line 2
[Wed Jun 04 01:08:05.796559 2025] [php:error] [pid 8149] [client 127.0.0.1:59696] script '/var/www/html/products.php' not found or unable to stat
[Wed Jun 04 01:08:05.831237 2025] [php:error] [pid 8151] [client 127.0.0.1:59714] script '/var/www/html/home.php' not found or unable to stat
[Wed Jun 04 01:08:05.848657 2025] [php:error] [pid 8152] [client 127.0.0.1:59730] PHP Parse error:  syntax error, unexpected token "\\" in /var/www/html/upload.php on line 2
[Wed Jun 04 01:08:05.899907 2025] [php:error] [pid 8150] [client 127.0.0.1:59754] script '/var/www/html/products.php' not found or unable to stat
[Wed Jun 04 01:08:05.916830 2025] [php:error] [pid 8151] [client 127.0.0.1:59770] script '/var/www/html/products.php' not found or unable to stat
[Wed Jun 04 01:08:05.935111 2025] [php:error] [pid 8152] [client 127.0.0.1:59786] PHP Parse error:  syntax error, unexpected token "\\" in /var/www/html/upload.php on line 2
[Wed Jun 04 01:08:06.003324 2025] [php:error] [pid 8151] [client 127.0.0.1:59818] script '/var/www/html/contact.php' not found or unable to stat
[Wed Jun 04 01:08:06.020064 2025] [php:error] [pid 8152] [client 127.0.0.1:59826] script '/var/www/html/contact.php' not found or unable to stat
[Wed Jun 04 01:08:06.037161 2025] [php:error] [pid 8153] [client 127.0.0.1:59832] PHP Parse error:  syntax error, unexpected token "\\" in /var/www/html/upload.php on line 2
[Wed Jun 04 01:08:06.054471 2025] [php:error] [pid 8149] [client 127.0.0.1:59846] script '/var/www/html/contact.php' not found or unable to stat
[Wed Jun 04 01:08:06.071536 2025] [php:error] [pid 8150] [client 127.0.0.1:59858] script '/var/www/html/home.php' not found or unable to stat
[Wed Jun 04 01:08:06.104273 2025] [php:error] [pid 8152] [client 127.0.0.1:59874] script '/var/www/html/contact.php' not found or unable to stat
[Wed Jun 04 01:08:06.137310 2025] [php:error] [pid 8149] [client 127.0.0.1:59898] script '/var/www/html/products.php' not found or unable to stat
[Wed Jun 04 01:08:06.154590 2025] [php:error] [pid 8150] [client 127.0.0.1:59902] PHP Parse error:  syntax error, unexpected token "\\" in /var/www/html/upload.php on line 2
[Wed Jun 04 01:08:06.171321 2025] [php:error] [pid 8151] [client 127.0.0.1:59914] script '/var/www/html/home.php' not found or unable to stat
[Wed Jun 04 01:08:06.188070 2025] [php:error] [pid 8152] [client 127.0.0.1:59916] script '/var/www/html/contact.php' not found or unable to stat
[Wed Jun 04 01:08:06.204524 2025] [php:error] [pid 8153] [client 127.0.0.1:59928] PHP Parse error:  syntax error, unexpected token "\\" in /var/www/html/upload.php on line 2
[Wed Jun 04 01:08:06.237859 2025] [php:error] [pid 8150] [client 127.0.0.1:59954] script '/var/www/html/contact.php' not found or unable to stat
[Wed Jun 04 01:08:06.271860 2025] [php:error] [pid 8152] [client 127.0.0.1:59978] PHP Parse error:  syntax error, unexpected token "\\" in /var/www/html/upload.php on line 2
[Wed Jun 04 01:08:06.371703 2025] [php:error] [pid 8153] [client 127.0.0.1:60024] script '/var/www/html/home.php' not found or unable to stat
[Wed Jun 04 01:08:06.388498 2025] [php:error] [pid 8149] [client 127.0.0.1:60026] script '/var/www/html/contact.php' not found or unable to stat
[Wed Jun 04 01:08:06.405708 2025] [php:error] [pid 8150] [client 127.0.0.1:60040] PHP Parse error:  syntax error, unexpected token "\\" in /var/www/html/upload.php on line 2
[Wed Jun 04 01:08:06.456114 2025] [php:error] [pid 8153] [client 127.0.0.1:60070] script '/var/www/html/products.php' not found or unable to stat
[Wed Jun 04 01:08:06.489284 2025] [php:error] [pid 8150] [client 127.0.0.1:60078] PHP Parse error:  syntax error, unexpected token "\\" in /var/www/html/upload.php on line 2
[Wed Jun 04 01:08:06.505877 2025] [php:error] [pid 8151] [client 127.0.0.1:60084] script '/var/www/html/home.php' not found or unable to stat
[Wed Jun 04 01:08:06.556627 2025] [php:error] [pid 8149] [client 127.0.0.1:60124] script '/var/www/html/contact.php' not found or unable to stat
[Wed Jun 04 01:08:06.607214 2025] [php:error] [pid 8152] [client 127.0.0.1:60144] script '/var/www/html/products.php' not found or unable to stat
[Wed Jun 04 01:08:06.624431 2025] [php:error] [pid 8153] [client 127.0.0.1:60154] script '/var/www/html/home.php' not found or unable to stat
[Wed Jun 04 01:08:06.641642 2025] [php:error] [pid 8149] [client 127.0.0.1:60170] script '/var/www/html/contact.php' not found or unable to stat
[Wed Jun 04 01:08:06.658404 2025] [php:error] [pid 8150] [client 127.0.0.1:60176] script '/var/www/html/home.php' not found or unable to stat
[Wed Jun 04 01:08:06.692465 2025] [php:error] [pid 8152] [client 127.0.0.1:60204] script '/var/www/html/contact.php' not found or unable to stat
[Wed Jun 04 01:08:06.709082 2025] [php:error] [pid 8153] [client 127.0.0.1:60210] script '/var/www/html/home.php' not found or unable to stat
[Wed Jun 04 01:08:06.726428 2025] [php:error] [pid 8149] [client 127.0.0.1:60224] script '/var/www/html/home.php' not found or unable to stat
[Wed Jun 04 01:08:06.760077 2025] [php:error] [pid 8151] [client 127.0.0.1:60244] script '/var/www/html/products.php' not found or unable to stat
[Wed Jun 04 01:08:06.776896 2025] [php:error] [pid 8152] [client 127.0.0.1:60252] PHP Parse error:  syntax error, unexpected token "\\" in /var/www/html/upload.php on line 2
[Wed Jun 04 01:08:06.809481 2025] [php:error] [pid 8149] [client 127.0.0.1:60282] script '/var/www/html/products.php' not found or unable to stat
[Wed Jun 04 01:08:06.841958 2025] [php:error] [pid 8151] [client 127.0.0.1:60302] script '/var/www/html/home.php' not found or unable to stat
[Wed Jun 04 01:08:06.857984 2025] [php:error] [pid 8152] [client 127.0.0.1:60304] script '/var/www/html/home.php' not found or unable to stat
[Wed Jun 04 01:08:06.875148 2025] [php:error] [pid 8153] [client 127.0.0.1:60310] script '/var/www/html/products.php' not found or unable to stat
[Wed Jun 04 01:08:06.907953 2025] [php:error] [pid 8150] [client 127.0.0.1:60334] script '/var/www/html/products.php' not found or unable to stat
[Wed Jun 04 01:08:06.958282 2025] [php:error] [pid 8153] [client 127.0.0.1:60352] script '/var/www/html/products.php' not found or unable to stat
[Wed Jun 04 01:08:06.991023 2025] [php:error] [pid 8150] [client 127.0.0.1:60370] script '/var/www/html/home.php' not found or unable to stat
[Wed Jun 04 01:08:07.007224 2025] [php:error] [pid 8151] [client 127.0.0.1:60382] script '/var/www/html/contact.php' not found or unable to stat
[Wed Jun 04 01:08:07.040786 2025] [php:error] [pid 8153] [client 127.0.0.1:60402] script '/var/www/html/contact.php' not found or unable to stat
[Wed Jun 04 01:08:07.204375 2025] [php:error] [pid 8153] [client 127.0.0.1:60506] script '/var/www/html/home.php' not found or unable to stat
[Wed Jun 04 01:08:07.220718 2025] [php:error] [pid 8149] [client 127.0.0.1:60518] PHP Parse error:  syntax error, unexpected token "\\" in /var/www/html/upload.php on line 2
[Wed Jun 04 01:08:07.237463 2025] [php:error] [pid 8150] [client 127.0.0.1:60528] script '/var/www/html/home.php' not found or unable to stat
[Wed Jun 04 01:08:07.253553 2025] [php:error] [pid 8151] [client 127.0.0.1:60538] script '/var/www/html/products.php' not found or unable to stat
[Wed Jun 04 01:08:07.270032 2025] [php:error] [pid 8152] [client 127.0.0.1:60540] script '/var/www/html/products.php' not found or unable to stat
[Wed Jun 04 01:08:07.286113 2025] [php:error] [pid 8153] [client 127.0.0.1:60546] script '/var/www/html/home.php' not found or unable to stat
[Wed Jun 04 01:08:07.302178 2025] [php:error] [pid 8149] [client 127.0.0.1:60554] script '/var/www/html/products.php' not found or unable to stat
[Wed Jun 04 01:08:07.318640 2025] [php:error] [pid 8150] [client 127.0.0.1:60568] script '/var/www/html/contact.php' not found or unable to stat
[Wed Jun 04 01:08:07.334868 2025] [php:error] [pid 8151] [client 127.0.0.1:60576] script '/var/www/html/products.php' not found or unable to stat
[Wed Jun 04 01:08:07.351031 2025] [php:error] [pid 8152] [client 127.0.0.1:60582] script '/var/www/html/contact.php' not found or unable to stat
[Wed Jun 04 01:08:07.400869 2025] [php:error] [pid 8150] [client 127.0.0.1:60604] script '/var/www/html/home.php' not found or unable to stat
[Wed Jun 04 01:08:07.435065 2025] [php:error] [pid 8152] [client 127.0.0.1:60622] script '/var/www/html/contact.php' not found or unable to stat
[Wed Jun 04 01:08:07.452056 2025] [php:error] [pid 8153] [client 127.0.0.1:60634] script '/var/www/html/products.php' not found or unable to stat
[Wed Jun 04 01:08:07.484862 2025] [php:error] [pid 8150] [client 127.0.0.1:60660] script '/var/www/html/products.php' not found or unable to stat
[Wed Jun 04 01:08:07.519016 2025] [php:error] [pid 8152] [client 127.0.0.1:60670] script '/var/www/html/contact.php' not found or unable to stat
[Wed Jun 04 01:08:07.536545 2025] [php:error] [pid 8153] [client 127.0.0.1:60682] script '/var/www/html/home.php' not found or unable to stat
[Wed Jun 04 01:08:07.554474 2025] [php:error] [pid 8149] [client 127.0.0.1:60686] PHP Parse error:  syntax error, unexpected token "\\" in /var/www/html/upload.php on line 2
[Wed Jun 04 01:08:07.570476 2025] [php:error] [pid 8150] [client 127.0.0.1:60698] script '/var/www/html/home.php' not found or unable to stat
[Wed Jun 04 01:08:07.603475 2025] [php:error] [pid 8152] [client 127.0.0.1:60724] PHP Parse error:  syntax error, unexpected token "\\" in /var/www/html/upload.php on line 2
[Wed Jun 04 01:08:07.619654 2025] [php:error] [pid 8153] [client 127.0.0.1:60732] script '/var/www/html/contact.php' not found or unable to stat
[Wed Jun 04 01:08:07.637295 2025] [php:error] [pid 8149] [client 127.0.0.1:60736] script '/var/www/html/contact.php' not found or unable to stat
[Wed Jun 04 01:08:07.671688 2025] [php:error] [pid 8151] [client 127.0.0.1:60752] PHP Parse error:  syntax error, unexpected token "\\" in /var/www/html/upload.php on line 2
[Wed Jun 04 01:08:07.738994 2025] [php:error] [pid 8150] [client 127.0.0.1:60802] script '/var/www/html/contact.php' not found or unable to stat
[Wed Jun 04 01:08:07.774035 2025] [php:error] [pid 8152] [client 127.0.0.1:60824] script '/var/www/html/home.php' not found or unable to stat
[Wed Jun 04 01:08:07.808926 2025] [php:error] [pid 8149] [client 127.0.0.1:60846] script '/var/www/html/home.php' not found or unable to stat
[Wed Jun 04 01:08:07.843216 2025] [php:error] [pid 8151] [client 127.0.0.1:60878] script '/var/www/html/home.php' not found or unable to stat
[Wed Jun 04 01:08:07.859243 2025] [php:error] [pid 8152] [client 127.0.0.1:60884] script '/var/www/html/products.php' not found or unable to stat
[Wed Jun 04 01:08:07.876303 2025] [php:error] [pid 8153] [client 127.0.0.1:60894] script '/var/www/html/contact.php' not found or unable to stat
[Wed Jun 04 01:08:07.908532 2025] [php:error] [pid 8150] [client 127.0.0.1:60918] script '/var/www/html/products.php' not found or unable to stat
[Wed Jun 04 01:08:07.941466 2025] [php:error] [pid 8152] [client 127.0.0.1:60940] script '/var/www/html/products.php' not found or unable to stat
[Wed Jun 04 01:08:07.990750 2025] [php:error] [pid 8150] [client 127.0.0.1:60970] script '/var/www/html/products.php' not found or unable to stat
[Wed Jun 04 01:08:08.041864 2025] [php:error] [pid 8153] [client 127.0.0.1:32772] script '/var/www/html/home.php' not found or unable to stat
[Wed Jun 04 01:08:08.058058 2025] [php:error] [pid 8149] [client 127.0.0.1:32786] PHP Parse error:  syntax error, unexpected token "\\" in /var/www/html/upload.php on line 2
[Wed Jun 04 01:08:08.075435 2025] [php:error] [pid 8150] [client 127.0.0.1:32790] script '/var/www/html/contact.php' not found or unable to stat
[Wed Jun 04 01:08:08.092129 2025] [php:error] [pid 8151] [client 127.0.0.1:32798] script '/var/www/html/products.php' not found or unable to stat
[Wed Jun 04 01:08:08.108854 2025] [php:error] [pid 8152] [client 127.0.0.1:32802] script '/var/www/html/products.php' not found or unable to stat
[Wed Jun 04 01:08:08.126236 2025] [php:error] [pid 8153] [client 127.0.0.1:32806] script '/var/www/html/contact.php' not found or unable to stat
[Wed Jun 04 01:08:08.193850 2025] [php:error] [pid 8152] [client 127.0.0.1:32850] script '/var/www/html/home.php' not found or unable to stat
[Wed Jun 04 01:08:08.211310 2025] [php:error] [pid 8153] [client 127.0.0.1:32864] script '/var/www/html/contact.php' not found or unable to stat
[Wed Jun 04 01:08:08.227631 2025] [php:error] [pid 8149] [client 127.0.0.1:32870] script '/var/www/html/contact.php' not found or unable to stat
[Wed Jun 04 01:08:08.244195 2025] [php:error] [pid 8150] [client 127.0.0.1:32884] script '/var/www/html/contact.php' not found or unable to stat
[Wed Jun 04 01:08:08.261349 2025] [php:error] [pid 8151] [client 127.0.0.1:32900] script '/var/www/html/contact.php' not found or unable to stat
[Wed Jun 04 01:08:08.278104 2025] [php:error] [pid 8152] [client 127.0.0.1:32914] script '/var/www/html/contact.php' not found or unable to stat
[Wed Jun 04 01:08:08.379088 2025] [php:error] [pid 8153] [client 127.0.0.1:32982] script '/var/www/html/products.php' not found or unable to stat
[Wed Jun 04 01:08:08.411793 2025] [php:error] [pid 8150] [client 127.0.0.1:33006] script '/var/www/html/products.php' not found or unable to stat
[Wed Jun 04 01:08:08.446083 2025] [php:error] [pid 8152] [client 127.0.0.1:33024] PHP Parse error:  syntax error, unexpected token "\\" in /var/www/html/upload.php on line 2
[Wed Jun 04 01:08:08.534196 2025] [php:error] [pid 8152] [client 127.0.0.1:33076] script '/var/www/html/contact.php' not found or unable to stat
[Wed Jun 04 01:08:08.552204 2025] [php:error] [pid 8153] [client 127.0.0.1:33078] script '/var/www/html/contact.php' not found or unable to stat
[Wed Jun 04 01:08:08.618025 2025] [php:error] [pid 8152] [client 127.0.0.1:33128] script '/var/www/html/products.php' not found or unable to stat
[Wed Jun 04 01:08:08.635167 2025] [php:error] [pid 8153] [client 127.0.0.1:33140] script '/var/www/html/home.php' not found or unable to stat
[Wed Jun 04 01:08:08.651395 2025] [php:error] [pid 8149] [client 127.0.0.1:33150] PHP Parse error:  syntax error, unexpected token "\\" in /var/www/html/upload.php on line 2
[Wed Jun 04 01:08:08.702057 2025] [php:error] [pid 8152] [client 127.0.0.1:33172] PHP Parse error:  syntax error, unexpected token "\\" in /var/www/html/upload.php on line 2
[Wed Jun 04 01:08:08.752264 2025] [php:error] [pid 8150] [client 127.0.0.1:33202] script '/var/www/html/products.php' not found or unable to stat
[Wed Jun 04 01:08:08.768117 2025] [php:error] [pid 8151] [client 127.0.0.1:33206] script '/var/www/html/contact.php' not found or unable to stat
[Wed Jun 04 01:08:08.784224 2025] [php:error] [pid 8152] [client 127.0.0.1:33216] script '/var/www/html/products.php' not found or unable to stat
[Wed Jun 04 01:08:08.821385 2025] [php:error] [pid 8149] [client 127.0.0.1:33228] script '/var/www/html/contact.php' not found or unable to stat
[Wed Jun 04 01:08:08.838439 2025] [php:error] [pid 8150] [client 127.0.0.1:33232] script '/var/www/html/home.php' not found or unable to stat
[Wed Jun 04 01:08:08.858279 2025] [php:error] [pid 8151] [client 127.0.0.1:33234] script '/var/www/html/products.php' not found or unable to stat
[Wed Jun 04 01:08:08.874785 2025] [php:error] [pid 8152] [client 127.0.0.1:33236] script '/var/www/html/products.php' not found or unable to stat
[Wed Jun 04 01:08:08.890922 2025] [php:error] [pid 8153] [client 127.0.0.1:33250] script '/var/www/html/home.php' not found or unable to stat
[Wed Jun 04 01:08:08.907054 2025] [php:error] [pid 8149] [client 127.0.0.1:33252] script '/var/www/html/home.php' not found or unable to stat
[Wed Jun 04 01:08:08.939141 2025] [php:error] [pid 8151] [client 127.0.0.1:33270] script '/var/www/html/products.php' not found or unable to stat
[Wed Jun 04 01:08:08.955048 2025] [php:error] [pid 8152] [client 127.0.0.1:33272] script '/var/www/html/contact.php' not found or unable to stat
[Wed Jun 04 01:08:09.003968 2025] [php:error] [pid 8150] [client 127.0.0.1:33314] script '/var/www/html/products.php' not found or unable to stat
[Wed Jun 04 01:08:09.020563 2025] [php:error] [pid 8151] [client 127.0.0.1:33326] script '/var/www/html/home.php' not found or unable to stat
[Wed Jun 04 01:08:09.037004 2025] [php:error] [pid 8152] [client 127.0.0.1:33340] script '/var/www/html/contact.php' not found or unable to stat
[Wed Jun 04 01:08:09.071818 2025] [php:error] [pid 8149] [client 127.0.0.1:33358] script '/var/www/html/home.php' not found or unable to stat
[Wed Jun 04 01:08:09.122280 2025] [php:error] [pid 8152] [client 127.0.0.1:33396] script '/var/www/html/home.php' not found or unable to stat
[Wed Jun 04 01:08:09.139915 2025] [php:error] [pid 8153] [client 127.0.0.1:33404] script '/var/www/html/home.php' not found or unable to stat
[Wed Jun 04 01:08:09.156246 2025] [php:error] [pid 8149] [client 127.0.0.1:33416] script '/var/www/html/contact.php' not found or unable to stat
[Wed Jun 04 01:08:09.172478 2025] [php:error] [pid 8150] [client 127.0.0.1:33424] script '/var/www/html/products.php' not found or unable to stat
[Wed Jun 04 01:08:09.188675 2025] [php:error] [pid 8151] [client 127.0.0.1:33438] script '/var/www/html/contact.php' not found or unable to stat
[Wed Jun 04 01:08:09.252761 2025] [php:error] [pid 8150] [client 127.0.0.1:50360] script '/var/www/html/home.php' not found or unable to stat
[Wed Jun 04 01:08:09.268932 2025] [php:error] [pid 8151] [client 127.0.0.1:50368] script '/var/www/html/contact.php' not found or unable to stat
[Wed Jun 04 01:08:09.285899 2025] [php:error] [pid 8152] [client 127.0.0.1:50370] script '/var/www/html/contact.php' not found or unable to stat
[Wed Jun 04 01:08:09.353318 2025] [php:error] [pid 8151] [client 127.0.0.1:50404] script '/var/www/html/products.php' not found or unable to stat
[Wed Jun 04 01:08:09.386014 2025] [php:error] [pid 8153] [client 127.0.0.1:50436] script '/var/www/html/contact.php' not found or unable to stat
[Wed Jun 04 01:08:09.402715 2025] [php:error] [pid 8149] [client 127.0.0.1:50452] script '/var/www/html/products.php' not found or unable to stat
[Wed Jun 04 01:08:09.436887 2025] [php:error] [pid 8151] [client 127.0.0.1:50470] script '/var/www/html/contact.php' not found or unable to stat
[Wed Jun 04 01:08:09.453801 2025] [php:error] [pid 8152] [client 127.0.0.1:50484] script '/var/www/html/home.php' not found or unable to stat
[Wed Jun 04 01:08:09.470566 2025] [php:error] [pid 8153] [client 127.0.0.1:50492] PHP Parse error:  syntax error, unexpected token "\\" in /var/www/html/upload.php on line 2
[Wed Jun 04 01:08:09.486368 2025] [php:error] [pid 8149] [client 127.0.0.1:50506] script '/var/www/html/products.php' not found or unable to stat
[Wed Jun 04 01:08:09.522324 2025] [php:error] [pid 8151] [client 127.0.0.1:50518] script '/var/www/html/home.php' not found or unable to stat
[Wed Jun 04 01:08:09.538395 2025] [php:error] [pid 8152] [client 127.0.0.1:50528] PHP Parse error:  syntax error, unexpected token "\\" in /var/www/html/upload.php on line 2
[Wed Jun 04 01:08:09.555837 2025] [php:error] [pid 8153] [client 127.0.0.1:50542] script '/var/www/html/home.php' not found or unable to stat
[Wed Jun 04 01:08:09.573274 2025] [php:error] [pid 8149] [client 127.0.0.1:50552] script '/var/www/html/home.php' not found or unable to stat
[Wed Jun 04 01:08:09.605501 2025] [php:error] [pid 8151] [client 127.0.0.1:50578] script '/var/www/html/contact.php' not found or unable to stat
[Wed Jun 04 01:08:09.658473 2025] [php:error] [pid 8149] [client 127.0.0.1:50612] script '/var/www/html/products.php' not found or unable to stat
[Wed Jun 04 01:08:09.691403 2025] [php:error] [pid 8151] [client 127.0.0.1:50632] script '/var/www/html/contact.php' not found or unable to stat
[Wed Jun 04 01:08:09.708115 2025] [php:error] [pid 8152] [client 127.0.0.1:50648] PHP Parse error:  syntax error, unexpected token "\\" in /var/www/html/upload.php on line 2
[Wed Jun 04 01:08:09.724848 2025] [php:error] [pid 8153] [client 127.0.0.1:50660] script '/var/www/html/products.php' not found or unable to stat
[Wed Jun 04 01:08:09.741653 2025] [php:error] [pid 8149] [client 127.0.0.1:50672] script '/var/www/html/products.php' not found or unable to stat
[Wed Jun 04 01:08:09.775411 2025] [php:error] [pid 8151] [client 127.0.0.1:50692] script '/var/www/html/products.php' not found or unable to stat
[Wed Jun 04 01:08:09.807072 2025] [php:error] [pid 8153] [client 127.0.0.1:50712] script '/var/www/html/contact.php' not found or unable to stat
[Wed Jun 04 01:08:09.842411 2025] [php:error] [pid 8150] [client 127.0.0.1:50734] script '/var/www/html/home.php' not found or unable to stat
[Wed Jun 04 01:08:09.972889 2025] [php:error] [pid 8153] [client 127.0.0.1:50800] script '/var/www/html/contact.php' not found or unable to stat
[Wed Jun 04 01:08:09.988977 2025] [php:error] [pid 8149] [client 127.0.0.1:50804] script '/var/www/html/home.php' not found or unable to stat
[Wed Jun 04 01:08:10.005557 2025] [php:error] [pid 8150] [client 127.0.0.1:50808] PHP Parse error:  syntax error, unexpected token "\\" in /var/www/html/upload.php on line 2
[Wed Jun 04 01:08:10.040026 2025] [php:error] [pid 8152] [client 127.0.0.1:50820] script '/var/www/html/products.php' not found or unable to stat
[Wed Jun 04 01:08:10.089882 2025] [php:error] [pid 8150] [client 127.0.0.1:50842] PHP Parse error:  syntax error, unexpected token "\\" in /var/www/html/upload.php on line 2
[Wed Jun 04 01:08:10.122808 2025] [php:error] [pid 8152] [client 127.0.0.1:50864] PHP Parse error:  syntax error, unexpected token "\\" in /var/www/html/upload.php on line 2
[Wed Jun 04 01:08:10.139975 2025] [php:error] [pid 8153] [client 127.0.0.1:50878] script '/var/www/html/home.php' not found or unable to stat
[Wed Jun 04 01:08:10.156582 2025] [php:error] [pid 8149] [client 127.0.0.1:50894] script '/var/www/html/products.php' not found or unable to stat
[Wed Jun 04 01:08:10.224619 2025] [php:error] [pid 8153] [client 127.0.0.1:50928] script '/var/www/html/home.php' not found or unable to stat
[Wed Jun 04 01:08:10.258039 2025] [php:error] [pid 8150] [client 127.0.0.1:50942] script '/var/www/html/home.php' not found or unable to stat
[Wed Jun 04 01:08:10.275038 2025] [php:error] [pid 8151] [client 127.0.0.1:50954] script '/var/www/html/products.php' not found or unable to stat
[Wed Jun 04 01:08:10.307908 2025] [php:error] [pid 8153] [client 127.0.0.1:50968] script '/var/www/html/products.php' not found or unable to stat
[Wed Jun 04 01:08:10.341180 2025] [php:error] [pid 8150] [client 127.0.0.1:50996] PHP Parse error:  syntax error, unexpected token "\\" in /var/www/html/upload.php on line 2
[Wed Jun 04 01:08:10.463335 2025] [php:error] [pid 8152] [client 127.0.0.1:51048] script '/var/www/html/products.php' not found or unable to stat
[Wed Jun 04 01:08:10.535055 2025] [php:error] [pid 8151] [client 127.0.0.1:51068] script '/var/www/html/home.php' not found or unable to stat
[Wed Jun 04 01:08:10.551271 2025] [php:error] [pid 8152] [client 127.0.0.1:51080] PHP Parse error:  syntax error, unexpected token "\\" in /var/www/html/upload.php on line 2
[Wed Jun 04 01:08:10.583512 2025] [php:error] [pid 8149] [client 127.0.0.1:51086] script '/var/www/html/contact.php' not found or unable to stat
[Wed Jun 04 01:08:10.617428 2025] [php:error] [pid 8151] [client 127.0.0.1:51104] script '/var/www/html/contact.php' not found or unable to stat
[Wed Jun 04 01:08:10.634628 2025] [php:error] [pid 8152] [client 127.0.0.1:51120] script '/var/www/html/products.php' not found or unable to stat
[Wed Jun 04 01:08:10.687665 2025] [php:error] [pid 8150] [client 127.0.0.1:51142] script '/var/www/html/contact.php' not found or unable to stat
[Wed Jun 04 01:08:10.705985 2025] [php:error] [pid 8151] [client 127.0.0.1:51150] script '/var/www/html/home.php' not found or unable to stat
[Wed Jun 04 01:08:10.798478 2025] [php:error] [pid 8151] [client 127.0.0.1:51208] script '/var/www/html/home.php' not found or unable to stat
[Wed Jun 04 01:08:10.831802 2025] [php:error] [pid 8153] [client 127.0.0.1:51218] script '/var/www/html/contact.php' not found or unable to stat
[Wed Jun 04 01:08:10.848892 2025] [php:error] [pid 8149] [client 127.0.0.1:51220] script '/var/www/html/home.php' not found or unable to stat
[Wed Jun 04 01:08:10.881668 2025] [php:error] [pid 8151] [client 127.0.0.1:51244] script '/var/www/html/home.php' not found or unable to stat
[Wed Jun 04 01:08:10.914379 2025] [php:error] [pid 8153] [client 127.0.0.1:51270] script '/var/www/html/contact.php' not found or unable to stat
[Wed Jun 04 01:08:10.946964 2025] [php:error] [pid 8150] [client 127.0.0.1:51278] script '/var/www/html/contact.php' not found or unable to stat
[Wed Jun 04 01:08:10.998080 2025] [php:error] [pid 8153] [client 127.0.0.1:51312] script '/var/www/html/products.php' not found or unable to stat
[Wed Jun 04 01:08:11.014449 2025] [php:error] [pid 8149] [client 127.0.0.1:51326] script '/var/www/html/home.php' not found or unable to stat
[Wed Jun 04 01:08:11.066383 2025] [php:error] [pid 8152] [client 127.0.0.1:51332] script '/var/www/html/contact.php' not found or unable to stat
[Wed Jun 04 01:08:11.116496 2025] [php:error] [pid 8150] [client 127.0.0.1:51344] script '/var/www/html/contact.php' not found or unable to stat
[Wed Jun 04 01:08:11.149401 2025] [php:error] [pid 8152] [client 127.0.0.1:51368] script '/var/www/html/home.php' not found or unable to stat
[Wed Jun 04 01:08:11.166125 2025] [php:error] [pid 8153] [client 127.0.0.1:51378] script '/var/www/html/home.php' not found or unable to stat
[Wed Jun 04 01:08:11.182534 2025] [php:error] [pid 8149] [client 127.0.0.1:51394] PHP Parse error:  syntax error, unexpected token "\\" in /var/www/html/upload.php on line 2
[Wed Jun 04 01:08:11.198708 2025] [php:error] [pid 8150] [client 127.0.0.1:51404] script '/var/www/html/contact.php' not found or unable to stat
[Wed Jun 04 01:08:11.234866 2025] [php:error] [pid 8152] [client 127.0.0.1:51414] script '/var/www/html/home.php' not found or unable to stat
[Wed Jun 04 01:08:11.283989 2025] [php:error] [pid 8150] [client 127.0.0.1:51446] PHP Parse error:  syntax error, unexpected token "\\" in /var/www/html/upload.php on line 2
[Wed Jun 04 01:08:11.334377 2025] [php:error] [pid 8153] [client 127.0.0.1:51480] script '/var/www/html/home.php' not found or unable to stat
[Wed Jun 04 01:08:11.350479 2025] [php:error] [pid 8149] [client 127.0.0.1:51490] script '/var/www/html/home.php' not found or unable to stat
[Wed Jun 04 01:08:11.382559 2025] [php:error] [pid 8151] [client 127.0.0.1:51514] script '/var/www/html/contact.php' not found or unable to stat
[Wed Jun 04 01:08:11.400894 2025] [php:error] [pid 8152] [client 127.0.0.1:51520] script '/var/www/html/contact.php' not found or unable to stat
[Wed Jun 04 01:08:11.494706 2025] [php:error] [pid 8152] [client 127.0.0.1:51566] script '/var/www/html/products.php' not found or unable to stat
[Wed Jun 04 01:08:11.512155 2025] [php:error] [pid 8153] [client 127.0.0.1:51574] script '/var/www/html/products.php' not found or unable to stat
[Wed Jun 04 01:08:11.529616 2025] [php:error] [pid 8149] [client 127.0.0.1:51588] PHP Parse error:  syntax error, unexpected token "\\" in /var/www/html/upload.php on line 2
[PHP Warning] include(/var/www/html/libs/c2.attacker.io_config.php): failed to open stream: No such file or directory in /var/www/html/vulnerable.php on line 12
[PHP Warning] include(/var/www/html/libs/c2.attacker.io_config.php): failed to open required /var/www/html/libs/c2.attacker.io_config.php (include_path=.:/usr/share/php) in /var/www/html/vulnerable.php on line 12
[Wed Jun 04 01:08:11.634537 2025] [php:error] [pid 8150] [client 127.0.0.1:51652] script '/var/www/html/home.php' not found or unable to stat
[Wed Jun 04 01:08:11.650872 2025] [php:error] [pid 8151] [client 127.0.0.1:51654] script '/var/www/html/products.php' not found or unable to stat
[Wed Jun 04 01:08:11.687044 2025] [php:error] [pid 8153] [client 127.0.0.1:51678] script '/var/www/html/products.php' not found or unable to stat
[Wed Jun 04 01:08:11.704836 2025] [php:error] [pid 8149] [client 127.0.0.1:51694] script '/var/www/html/products.php' not found or unable to stat
[Wed Jun 04 01:08:11.770295 2025] [php:error] [pid 8153] [client 127.0.0.1:51722] script '/var/www/html/contact.php' not found or unable to stat
[Wed Jun 04 01:08:11.786746 2025] [php:error] [pid 8149] [client 127.0.0.1:51734] script '/var/www/html/home.php' not found or unable to stat
[Wed Jun 04 01:08:11.836144 2025] [php:error] [pid 8152] [client 127.0.0.1:51766] PHP Parse error:  syntax error, unexpected token "\\" in /var/www/html/upload.php on line 2
[Wed Jun 04 01:08:11.853831 2025] [php:error] [pid 8153] [client 127.0.0.1:51770] script '/var/www/html/home.php' not found or unable to stat
[Wed Jun 04 01:08:11.870512 2025] [php:error] [pid 8149] [client 127.0.0.1:51774] script '/var/www/html/contact.php' not found or unable to stat
[Wed Jun 04 01:08:11.920622 2025] [php:error] [pid 8152] [client 127.0.0.1:51802] PHP Parse error:  syntax error, unexpected token "\\" in /var/www/html/upload.php on line 2
[Wed Jun 04 01:08:11.958909 2025] [php:error] [pid 8149] [client 127.0.0.1:51822] script '/var/www/html/home.php' not found or unable to stat
[Wed Jun 04 01:08:11.975158 2025] [php:error] [pid 8150] [client 127.0.0.1:51834] PHP Parse error:  syntax error, unexpected token "\\" in /var/www/html/upload.php on line 2
[Wed Jun 04 01:08:12.055643 2025] [php:error] [pid 8150] [client 127.0.0.1:51880] script '/var/www/html/products.php' not found or unable to stat
[Wed Jun 04 01:08:12.076805 2025] [php:error] [pid 8151] [client 127.0.0.1:51894] PHP Parse error:  syntax error, unexpected token "\\" in /var/www/html/upload.php on line 2
[Wed Jun 04 01:08:13.086665 2025] [php:error] [pid 8152] [client 127.0.0.1:51902] script '/var/www/html/uploads/y738293.php' not found or unable to stat
[Wed Jun 04 01:08:14.127913 2025] [php:error] [pid 8150] [client 127.0.0.1:51932] script '/var/www/html/contact.php' not found or unable to stat
[Wed Jun 04 01:08:14.210796 2025] [php:error] [pid 8150] [client 127.0.0.1:51960] script '/var/www/html/home.php' not found or unable to stat
[Wed Jun 04 01:08:14.227675 2025] [php:error] [pid 8151] [client 127.0.0.1:51968] script '/var/www/html/products.php' not found or unable to stat
[Wed Jun 04 01:08:14.277688 2025] [php:error] [pid 8149] [client 127.0.0.1:51994] script '/var/www/html/products.php' not found or unable to stat
[Wed Jun 04 01:08:14.293833 2025] [php:error] [pid 8150] [client 127.0.0.1:52004] script '/var/www/html/contact.php' not found or unable to stat
[Wed Jun 04 01:08:14.309933 2025] [php:error] [pid 8151] [client 127.0.0.1:52018] script '/var/www/html/contact.php' not found or unable to stat
[Wed Jun 04 01:08:14.359110 2025] [php:error] [pid 8149] [client 127.0.0.1:52054] script '/var/www/html/products.php' not found or unable to stat
[Wed Jun 04 01:08:14.377454 2025] [php:error] [pid 8150] [client 127.0.0.1:52066] PHP Parse error:  syntax error, unexpected token "\\" in /var/www/html/upload.php on line 2
[Wed Jun 04 01:08:14.414490 2025] [php:error] [pid 8152] [client 127.0.0.1:52094] script '/var/www/html/products.php' not found or unable to stat
[Wed Jun 04 01:08:14.430551 2025] [php:error] [pid 8153] [client 127.0.0.1:52108] script '/var/www/html/products.php' not found or unable to stat
[Wed Jun 04 01:08:14.467223 2025] [php:error] [pid 8150] [client 127.0.0.1:52130] script '/var/www/html/home.php' not found or unable to stat
[Wed Jun 04 01:08:14.483334 2025] [php:error] [pid 8151] [client 127.0.0.1:52140] script '/var/www/html/contact.php' not found or unable to stat
[Wed Jun 04 01:08:14.499624 2025] [php:error] [pid 8152] [client 127.0.0.1:52154] PHP Parse error:  syntax error, unexpected token "\\" in /var/www/html/upload.php on line 2
[Wed Jun 04 01:08:14.516163 2025] [php:error] [pid 8153] [client 127.0.0.1:52164] script '/var/www/html/contact.php' not found or unable to stat
[Wed Jun 04 01:08:14.532017 2025] [php:error] [pid 8149] [client 127.0.0.1:52180] script '/var/www/html/contact.php' not found or unable to stat
[Wed Jun 04 01:08:14.547909 2025] [php:error] [pid 8150] [client 127.0.0.1:52196] script '/var/www/html/products.php' not found or unable to stat
[Wed Jun 04 01:08:14.580704 2025] [php:error] [pid 8152] [client 127.0.0.1:52208] script '/var/www/html/products.php' not found or unable to stat
[Wed Jun 04 01:08:14.613041 2025] [php:error] [pid 8149] [client 127.0.0.1:52218] script '/var/www/html/home.php' not found or unable to stat
[Wed Jun 04 01:08:14.629617 2025] [php:error] [pid 8150] [client 127.0.0.1:52222] PHP Parse error:  syntax error, unexpected token "\\" in /var/www/html/upload.php on line 2
[Wed Jun 04 01:08:14.646108 2025] [php:error] [pid 8151] [client 127.0.0.1:52234] script '/var/www/html/home.php' not found or unable to stat
[Wed Jun 04 01:08:14.662269 2025] [php:error] [pid 8152] [client 127.0.0.1:52236] script '/var/www/html/products.php' not found or unable to stat
[Wed Jun 04 01:08:14.694798 2025] [php:error] [pid 8149] [client 127.0.0.1:52248] script '/var/www/html/contact.php' not found or unable to stat
[Wed Jun 04 01:08:14.793513 2025] [php:error] [pid 8150] [client 127.0.0.1:52280] script '/var/www/html/products.php' not found or unable to stat
[Wed Jun 04 01:08:14.809744 2025] [php:error] [pid 8151] [client 127.0.0.1:52296] script '/var/www/html/products.php' not found or unable to stat
[Wed Jun 04 01:08:14.825868 2025] [php:error] [pid 8152] [client 127.0.0.1:52300] script '/var/www/html/home.php' not found or unable to stat
[Wed Jun 04 01:08:14.875141 2025] [php:error] [pid 8150] [client 127.0.0.1:52336] script '/var/www/html/contact.php' not found or unable to stat
[Wed Jun 04 01:08:14.890948 2025] [php:error] [pid 8151] [client 127.0.0.1:52350] script '/var/www/html/contact.php' not found or unable to stat
[Wed Jun 04 01:08:14.942108 2025] [php:error] [pid 8149] [client 127.0.0.1:52360] script '/var/www/html/products.php' not found or unable to stat
[Wed Jun 04 01:08:15.007624 2025] [php:error] [pid 8153] [client 127.0.0.1:52404] script '/var/www/html/home.php' not found or unable to stat
[Wed Jun 04 01:08:15.024325 2025] [php:error] [pid 8149] [client 127.0.0.1:52406] script '/var/www/html/contact.php' not found or unable to stat
[Wed Jun 04 01:08:15.040559 2025] [php:error] [pid 8150] [client 127.0.0.1:52418] script '/var/www/html/products.php' not found or unable to stat
[Wed Jun 04 01:08:15.073617 2025] [php:error] [pid 8152] [client 127.0.0.1:52446] PHP Parse error:  syntax error, unexpected token "\\" in /var/www/html/upload.php on line 2
[Wed Jun 04 01:08:15.089751 2025] [php:error] [pid 8153] [client 127.0.0.1:52450] script '/var/www/html/contact.php' not found or unable to stat
[Wed Jun 04 01:08:15.107704 2025] [php:error] [pid 8149] [client 127.0.0.1:52452] script '/var/www/html/contact.php' not found or unable to stat
[Wed Jun 04 01:08:15.175476 2025] [php:error] [pid 8153] [client 127.0.0.1:52486] PHP Parse error:  syntax error, unexpected token "\\" in /var/www/html/upload.php on line 2
[Wed Jun 04 01:08:15.207611 2025] [php:error] [pid 8150] [client 127.0.0.1:52516] PHP Parse error:  syntax error, unexpected token "\\" in /var/www/html/upload.php on line 2
[Wed Jun 04 01:08:15.223923 2025] [php:error] [pid 8151] [client 127.0.0.1:52518] PHP Parse error:  syntax error, unexpected token "\\" in /var/www/html/upload.php on line 2
[Wed Jun 04 01:08:15.241465 2025] [php:error] [pid 8152] [client 127.0.0.1:52522] script '/var/www/html/home.php' not found or unable to stat
[Wed Jun 04 01:08:15.274589 2025] [php:error] [pid 8149] [client 127.0.0.1:52528] script '/var/www/html/home.php' not found or unable to stat
[Wed Jun 04 01:08:15.323708 2025] [php:error] [pid 8152] [client 127.0.0.1:52542] script '/var/www/html/home.php' not found or unable to stat
[Wed Jun 04 01:08:15.340260 2025] [php:error] [pid 8153] [client 127.0.0.1:52548] script '/var/www/html/products.php' not found or unable to stat
[Wed Jun 04 01:08:15.355995 2025] [php:error] [pid 8149] [client 127.0.0.1:52560] PHP Parse error:  syntax error, unexpected token "\\" in /var/www/html/upload.php on line 2
[Wed Jun 04 01:08:15.372565 2025] [php:error] [pid 8150] [client 127.0.0.1:52574] PHP Parse error:  syntax error, unexpected token "\\" in /var/www/html/upload.php on line 2
[Wed Jun 04 01:08:15.457804 2025] [php:error] [pid 8150] [client 127.0.0.1:52614] script '/var/www/html/contact.php' not found or unable to stat
[Wed Jun 04 01:08:15.474070 2025] [php:error] [pid 8151] [client 127.0.0.1:52622] script '/var/www/html/contact.php' not found or unable to stat
[Wed Jun 04 01:08:15.492102 2025] [php:error] [pid 8152] [client 127.0.0.1:52632] script '/var/www/html/contact.php' not found or unable to stat
[Wed Jun 04 01:08:15.508812 2025] [php:error] [pid 8153] [client 127.0.0.1:52636] script '/var/www/html/contact.php' not found or unable to stat
[Wed Jun 04 01:08:15.557645 2025] [php:error] [pid 8151] [client 127.0.0.1:52668] script '/var/www/html/contact.php' not found or unable to stat
[Wed Jun 04 01:08:15.573927 2025] [php:error] [pid 8152] [client 127.0.0.1:52674] script '/var/www/html/contact.php' not found or unable to stat
[Wed Jun 04 01:08:15.589943 2025] [php:error] [pid 8153] [client 127.0.0.1:52688] script '/var/www/html/products.php' not found or unable to stat
[Wed Jun 04 01:08:15.607450 2025] [php:error] [pid 8149] [client 127.0.0.1:52704] script '/var/www/html/contact.php' not found or unable to stat
[Wed Jun 04 01:08:15.625531 2025] [php:error] [pid 8150] [client 127.0.0.1:52712] script '/var/www/html/products.php' not found or unable to stat
[Wed Jun 04 01:08:15.660635 2025] [php:error] [pid 8152] [client 127.0.0.1:52736] script '/var/www/html/contact.php' not found or unable to stat
[Wed Jun 04 01:08:15.710064 2025] [php:error] [pid 8150] [client 127.0.0.1:52764] script '/var/www/html/products.php' not found or unable to stat
[Wed Jun 04 01:08:15.726082 2025] [php:error] [pid 8151] [client 127.0.0.1:52768] script '/var/www/html/products.php' not found or unable to stat
[Wed Jun 04 01:08:15.742558 2025] [php:error] [pid 8152] [client 127.0.0.1:52776] script '/var/www/html/products.php' not found or unable to stat
[Wed Jun 04 01:08:15.775236 2025] [php:error] [pid 8149] [client 127.0.0.1:52790] PHP Parse error:  syntax error, unexpected token "\\" in /var/www/html/upload.php on line 2
[Wed Jun 04 01:08:15.808839 2025] [php:error] [pid 8151] [client 127.0.0.1:52800] script '/var/www/html/contact.php' not found or unable to stat
[Wed Jun 04 01:08:15.826265 2025] [php:error] [pid 8152] [client 127.0.0.1:52810] script '/var/www/html/contact.php' not found or unable to stat
[Wed Jun 04 01:08:15.842334 2025] [php:error] [pid 8153] [client 127.0.0.1:52816] PHP Parse error:  syntax error, unexpected token "\\" in /var/www/html/upload.php on line 2
[Wed Jun 04 01:08:15.876887 2025] [php:error] [pid 8150] [client 127.0.0.1:52834] script '/var/www/html/home.php' not found or unable to stat
[Wed Jun 04 01:08:15.893021 2025] [php:error] [pid 8151] [client 127.0.0.1:52844] PHP Parse error:  syntax error, unexpected token "\\" in /var/www/html/upload.php on line 2
[Wed Jun 04 01:08:15.977690 2025] [php:error] [pid 8151] [client 127.0.0.1:52906] script '/var/www/html/products.php' not found or unable to stat
[Wed Jun 04 01:08:15.993888 2025] [php:error] [pid 8152] [client 127.0.0.1:52908] PHP Parse error:  syntax error, unexpected token "\\" in /var/www/html/upload.php on line 2
[Wed Jun 04 01:08:16.010291 2025] [php:error] [pid 8153] [client 127.0.0.1:52918] script '/var/www/html/products.php' not found or unable to stat
[Wed Jun 04 01:08:16.045282 2025] [php:error] [pid 8150] [client 127.0.0.1:52936] PHP Parse error:  syntax error, unexpected token "\\" in /var/www/html/upload.php on line 2
[Wed Jun 04 01:08:16.079439 2025] [php:error] [pid 8152] [client 127.0.0.1:52952] script '/var/www/html/contact.php' not found or unable to stat
[Wed Jun 04 01:08:16.112888 2025] [php:error] [pid 8149] [client 127.0.0.1:52972] PHP Parse error:  syntax error, unexpected token "\\" in /var/www/html/upload.php on line 2
[Wed Jun 04 01:08:16.180968 2025] [php:error] [pid 8153] [client 127.0.0.1:52996] PHP Parse error:  syntax error, unexpected token "\\" in /var/www/html/upload.php on line 2
[Wed Jun 04 01:08:16.231777 2025] [php:error] [pid 8151] [client 127.0.0.1:53026] PHP Parse error:  syntax error, unexpected token "\\" in /var/www/html/upload.php on line 2
[Wed Jun 04 01:08:16.249104 2025] [php:error] [pid 8152] [client 127.0.0.1:53042] script '/var/www/html/contact.php' not found or unable to stat
[Wed Jun 04 01:08:16.265830 2025] [php:error] [pid 8153] [client 127.0.0.1:53044] script '/var/www/html/products.php' not found or unable to stat
[Wed Jun 04 01:08:16.282498 2025] [php:error] [pid 8149] [client 127.0.0.1:53052] PHP Parse error:  syntax error, unexpected token "\\" in /var/www/html/upload.php on line 2
[Wed Jun 04 01:08:16.300974 2025] [php:error] [pid 8150] [client 127.0.0.1:53058] PHP Parse error:  syntax error, unexpected token "\\" in /var/www/html/upload.php on line 2
[Wed Jun 04 01:08:16.317822 2025] [php:error] [pid 8151] [client 127.0.0.1:53070] script '/var/www/html/products.php' not found or unable to stat
[Wed Jun 04 01:08:16.334815 2025] [php:error] [pid 8152] [client 127.0.0.1:53076] PHP Parse error:  syntax error, unexpected token "\\" in /var/www/html/upload.php on line 2
[Wed Jun 04 01:08:16.368240 2025] [php:error] [pid 8149] [client 127.0.0.1:53100] PHP Parse error:  syntax error, unexpected token "\\" in /var/www/html/upload.php on line 2
[Wed Jun 04 01:08:16.418811 2025] [php:error] [pid 8152] [client 127.0.0.1:53126] PHP Parse error:  syntax error, unexpected token "\\" in /var/www/html/upload.php on line 2
[Wed Jun 04 01:08:16.469829 2025] [php:error] [pid 8150] [client 127.0.0.1:53146] script '/var/www/html/products.php' not found or unable to stat
[Wed Jun 04 01:08:16.486474 2025] [php:error] [pid 8151] [client 127.0.0.1:53156] script '/var/www/html/contact.php' not found or unable to stat
[Wed Jun 04 01:08:16.503182 2025] [php:error] [pid 8152] [client 127.0.0.1:53166] script '/var/www/html/contact.php' not found or unable to stat
[Wed Jun 04 01:08:16.520858 2025] [php:error] [pid 8153] [client 127.0.0.1:53182] script '/var/www/html/phpinfo.php' not found or unable to stat
[Wed Jun 04 01:08:16.544880 2025] [php:error] [pid 8150] [client 127.0.0.1:53194] script '/var/www/html/test.php' not found or unable to stat
[Wed Jun 04 01:08:16.568921 2025] [php:error] [pid 8152] [client 127.0.0.1:53212] script '/var/www/html/images.php' not found or unable to stat
[Wed Jun 04 01:08:16.614837 2025] [php:error] [pid 8151] [client 127.0.0.1:53250] script '/var/www/html/core.php' not found or unable to stat
[Wed Jun 04 01:08:16.637218 2025] [php:error] [pid 8153] [client 127.0.0.1:53260] script '/var/www/html/secret.php' not found or unable to stat
[Wed Jun 04 01:08:16.661376 2025] [php:error] [pid 8150] [client 127.0.0.1:53280] script '/var/www/html/includes.php' not found or unable to stat
[Wed Jun 04 01:08:16.684759 2025] [php:error] [pid 8152] [client 127.0.0.1:53290] script '/var/www/html/staging.php' not found or unable to stat
[Wed Jun 04 01:08:16.708577 2025] [php:error] [pid 8149] [client 127.0.0.1:53310] script '/var/www/html/devlogin.php' not found or unable to stat
[Wed Jun 04 01:08:16.731781 2025] [php:error] [pid 8151] [client 127.0.0.1:53320] script '/var/www/html/db.php' not found or unable to stat
[Wed Jun 04 01:08:16.756482 2025] [php:error] [pid 8153] [client 127.0.0.1:53332] script '/var/www/html/config.php' not found or unable to stat
[Wed Jun 04 01:08:16.780546 2025] [php:error] [pid 8150] [client 127.0.0.1:53342] script '/var/www/html/secret.php' not found or unable to stat
[Wed Jun 04 01:08:16.803337 2025] [php:error] [pid 8152] [client 127.0.0.1:53374] script '/var/www/html/phpinfo.php' not found or unable to stat
[Wed Jun 04 01:08:16.825691 2025] [php:error] [pid 8149] [client 127.0.0.1:53386] script '/var/www/html/db.php' not found or unable to stat
[Wed Jun 04 01:08:16.848333 2025] [php:error] [pid 8151] [client 127.0.0.1:53406] script '/var/www/html/backup.php' not found or unable to stat
[Wed Jun 04 01:08:16.872561 2025] [php:error] [pid 8153] [client 127.0.0.1:53420] script '/var/www/html/api.php' not found or unable to stat
[Wed Jun 04 01:08:16.894879 2025] [php:error] [pid 8150] [client 127.0.0.1:53436] script '/var/www/html/core.php' not found or unable to stat
[Wed Jun 04 01:08:16.917459 2025] [php:error] [pid 8152] [client 127.0.0.1:53458] script '/var/www/html/staging.php' not found or unable to stat
[Wed Jun 04 01:08:16.940220 2025] [php:error] [pid 8149] [client 127.0.0.1:53474] script '/var/www/html/phpinfo.php' not found or unable to stat
[Wed Jun 04 01:08:16.963653 2025] [php:error] [pid 8151] [client 127.0.0.1:53498] script '/var/www/html/backup.php' not found or unable to stat
[Wed Jun 04 01:08:16.986055 2025] [php:error] [pid 8153] [client 127.0.0.1:53520] script '/var/www/html/wp-admin.php' not found or unable to stat
[Wed Jun 04 01:08:17.008867 2025] [php:error] [pid 8150] [client 127.0.0.1:53542] script '/var/www/html/phpinfo.php' not found or unable to stat
[Wed Jun 04 01:08:17.031238 2025] [php:error] [pid 8152] [client 127.0.0.1:53550] script '/var/www/html/includes.php' not found or unable to stat
[Wed Jun 04 01:08:17.076613 2025] [php:error] [pid 8151] [client 127.0.0.1:53584] script '/var/www/html/backup_old.php' not found or unable to stat
[Wed Jun 04 01:08:17.099004 2025] [php:error] [pid 8153] [client 127.0.0.1:53606] script '/var/www/html/includes.php' not found or unable to stat
[Wed Jun 04 01:08:17.121812 2025] [php:error] [pid 8150] [client 127.0.0.1:53638] script '/var/www/html/images.php' not found or unable to stat
[Wed Jun 04 01:08:17.144418 2025] [php:error] [pid 8152] [client 127.0.0.1:53660] script '/var/www/html/images.php' not found or unable to stat
[Wed Jun 04 01:08:17.169707 2025] [php:error] [pid 8149] [client 127.0.0.1:53668] script '/var/www/html/test.php' not found or unable to stat
[Wed Jun 04 01:08:17.191886 2025] [php:error] [pid 8151] [client 127.0.0.1:53680] script '/var/www/html/images.php' not found or unable to stat
[Wed Jun 04 01:08:17.214361 2025] [php:error] [pid 8153] [client 127.0.0.1:53706] script '/var/www/html/test.php' not found or unable to stat
[Wed Jun 04 01:08:17.236398 2025] [php:error] [pid 8150] [client 127.0.0.1:53718] script '/var/www/html/staging.php' not found or unable to stat
[Wed Jun 04 01:08:17.258944 2025] [php:error] [pid 8152] [client 127.0.0.1:53732] script '/var/www/html/includes.php' not found or unable to stat
[Wed Jun 04 01:08:17.281687 2025] [php:error] [pid 8149] [client 127.0.0.1:53744] script '/var/www/html/env.php' not found or unable to stat
[Wed Jun 04 01:08:17.304098 2025] [php:error] [pid 8151] [client 127.0.0.1:53762] script '/var/www/html/env.php' not found or unable to stat
[Wed Jun 04 01:08:17.326360 2025] [php:error] [pid 8153] [client 127.0.0.1:53768] script '/var/www/html/env.php' not found or unable to stat
[Wed Jun 04 01:08:17.348923 2025] [php:error] [pid 8150] [client 127.0.0.1:53778] script '/var/www/html/includes.php' not found or unable to stat
[Wed Jun 04 01:08:17.371197 2025] [php:error] [pid 8152] [client 127.0.0.1:53802] script '/var/www/html/config.php' not found or unable to stat
[Wed Jun 04 01:08:17.393948 2025] [php:error] [pid 8149] [client 127.0.0.1:53818] script '/var/www/html/uploads.php' not found or unable to stat
[Wed Jun 04 01:08:17.418272 2025] [php:error] [pid 8151] [client 127.0.0.1:53828] script '/var/www/html/wp-admin.php' not found or unable to stat
[Wed Jun 04 01:08:17.440887 2025] [php:error] [pid 8153] [client 127.0.0.1:53838] script '/var/www/html/secret.php' not found or unable to stat
[Wed Jun 04 01:08:17.463047 2025] [php:error] [pid 8150] [client 127.0.0.1:53862] script '/var/www/html/config.php' not found or unable to stat
[Wed Jun 04 01:08:17.485249 2025] [php:error] [pid 8152] [client 127.0.0.1:53874] script '/var/www/html/admin.php' not found or unable to stat
[Wed Jun 04 01:08:17.507109 2025] [php:error] [pid 8149] [client 127.0.0.1:53898] script '/var/www/html/env.php' not found or unable to stat
[Wed Jun 04 01:08:17.528989 2025] [php:error] [pid 8151] [client 127.0.0.1:53908] script '/var/www/html/test.php' not found or unable to stat
[Wed Jun 04 01:08:17.551348 2025] [php:error] [pid 8153] [client 127.0.0.1:53914] script '/var/www/html/hidden.php' not found or unable to stat
[Wed Jun 04 01:08:17.574955 2025] [php:error] [pid 8150] [client 127.0.0.1:53930] script '/var/www/html/data.php' not found or unable to stat
